Component: ARM Compiler 5.06 update 7 (build 960) Tool: armlink [4d3601]

==============================================================================

Section Cross References

    startup_stm32f103xb.o(STACK) refers (Special) to heapauxi.o(.text) for __use_two_region_memory
    startup_stm32f103xb.o(HEAP) refers (Special) to heapauxi.o(.text) for __use_two_region_memory
    startup_stm32f103xb.o(RESET) refers (Special) to heapauxi.o(.text) for __use_two_region_memory
    startup_stm32f103xb.o(RESET) refers to startup_stm32f103xb.o(STACK) for __initial_sp
    startup_stm32f103xb.o(RESET) refers to startup_stm32f103xb.o(.text) for Reset_Handler
    startup_stm32f103xb.o(RESET) refers to stm32f1xx_it.o(i.NMI_Handler) for NMI_Handler
    startup_stm32f103xb.o(RESET) refers to stm32f1xx_it.o(i.HardFault_Handler) for HardFault_Handler
    startup_stm32f103xb.o(RESET) refers to stm32f1xx_it.o(i.MemManage_Handler) for MemManage_Handler
    startup_stm32f103xb.o(RESET) refers to stm32f1xx_it.o(i.BusFault_Handler) for BusFault_Handler
    startup_stm32f103xb.o(RESET) refers to stm32f1xx_it.o(i.UsageFault_Handler) for UsageFault_Handler
    startup_stm32f103xb.o(RESET) refers to stm32f1xx_it.o(i.SVC_Handler) for SVC_Handler
    startup_stm32f103xb.o(RESET) refers to stm32f1xx_it.o(i.DebugMon_Handler) for DebugMon_Handler
    startup_stm32f103xb.o(RESET) refers to stm32f1xx_it.o(i.PendSV_Handler) for PendSV_Handler
    startup_stm32f103xb.o(RESET) refers to stm32f1xx_it.o(i.SysTick_Handler) for SysTick_Handler
    startup_stm32f103xb.o(RESET) refers to stm32f1xx_it.o(i.EXTI9_5_IRQHandler) for EXTI9_5_IRQHandler
    startup_stm32f103xb.o(RESET) refers to stm32f1xx_it.o(i.USART1_IRQHandler) for USART1_IRQHandler
    startup_stm32f103xb.o(.text) refers (Special) to heapauxi.o(.text) for __use_two_region_memory
    startup_stm32f103xb.o(.text) refers to system_stm32f1xx.o(i.SystemInit) for SystemInit
    startup_stm32f103xb.o(.text) refers to __main.o(!!!main) for __main
    startup_stm32f103xb.o(.text) refers to startup_stm32f103xb.o(HEAP) for Heap_Mem
    startup_stm32f103xb.o(.text) refers to startup_stm32f103xb.o(STACK) for Stack_Mem
    oled.o(i.OLED_Clear) refers to oled.o(i.OLED_WR_CMD) for OLED_WR_CMD
    oled.o(i.OLED_Clear) refers to oled.o(i.OLED_WR_DATA) for OLED_WR_DATA
    oled.o(i.OLED_Clear_Partial) refers to oled.o(i.OLED_WR_CMD) for OLED_WR_CMD
    oled.o(i.OLED_Clear_Partial) refers to oled.o(i.OLED_WR_DATA) for OLED_WR_DATA
    oled.o(i.OLED_Display_Off) refers to oled.o(i.OLED_WR_CMD) for OLED_WR_CMD
    oled.o(i.OLED_Display_On) refers to oled.o(i.OLED_WR_CMD) for OLED_WR_CMD
    oled.o(i.OLED_Init) refers to stm32f1xx_hal.o(i.HAL_Delay) for HAL_Delay
    oled.o(i.OLED_Init) refers to oled.o(i.WriteCmd) for WriteCmd
    oled.o(i.OLED_On) refers to oled.o(i.OLED_WR_CMD) for OLED_WR_CMD
    oled.o(i.OLED_On) refers to oled.o(i.OLED_WR_DATA) for OLED_WR_DATA
    oled.o(i.OLED_Set_Pos) refers to oled.o(i.OLED_WR_CMD) for OLED_WR_CMD
    oled.o(i.OLED_ShowCHinese) refers to oled.o(i.OLED_Set_Pos) for OLED_Set_Pos
    oled.o(i.OLED_ShowCHinese) refers to oled.o(i.OLED_WR_DATA) for OLED_WR_DATA
    oled.o(i.OLED_ShowCHinese) refers to oled.o(.data) for .data
    oled.o(i.OLED_ShowChar) refers to oled.o(i.OLED_Set_Pos) for OLED_Set_Pos
    oled.o(i.OLED_ShowChar) refers to oled.o(i.OLED_WR_DATA) for OLED_WR_DATA
    oled.o(i.OLED_ShowChar) refers to oled.o(.constdata) for .constdata
    oled.o(i.OLED_ShowNum) refers to oled.o(i.oled_pow) for oled_pow
    oled.o(i.OLED_ShowNum) refers to oled.o(i.OLED_ShowChar) for OLED_ShowChar
    oled.o(i.OLED_ShowString) refers to oled.o(i.OLED_ShowChar) for OLED_ShowChar
    oled.o(i.OLED_WR_CMD) refers to stm32f1xx_hal_i2c.o(i.HAL_I2C_Mem_Write) for HAL_I2C_Mem_Write
    oled.o(i.OLED_WR_CMD) refers to i2c.o(.bss) for hi2c1
    oled.o(i.OLED_WR_DATA) refers to stm32f1xx_hal_i2c.o(i.HAL_I2C_Mem_Write) for HAL_I2C_Mem_Write
    oled.o(i.OLED_WR_DATA) refers to i2c.o(.bss) for hi2c1
    oled.o(i.WriteCmd) refers to stm32f1xx_hal_i2c.o(i.HAL_I2C_Mem_Write) for HAL_I2C_Mem_Write
    oled.o(i.WriteCmd) refers to oled.o(.data) for .data
    oled.o(i.WriteCmd) refers to i2c.o(.bss) for hi2c1
    main.o(i.HAL_GPIO_EXTI_Callback) refers to tim.o(i.get_tim1_cnt) for get_tim1_cnt
    main.o(i.HAL_GPIO_EXTI_Callback) refers to tim.o(i.count_time_stop) for count_time_stop
    main.o(i.HAL_GPIO_EXTI_Callback) refers to tim.o(i.count_time_start) for count_time_start
    main.o(i.HAL_GPIO_EXTI_Callback) refers to main.o(.data) for .data
    main.o(i.SystemClock_Config) refers to rt_memclr_w.o(.text) for __aeabi_memclr4
    main.o(i.SystemClock_Config) refers to stm32f1xx_hal_rcc.o(i.HAL_RCC_OscConfig) for HAL_RCC_OscConfig
    main.o(i.SystemClock_Config) refers to stm32f1xx_hal_rcc.o(i.HAL_RCC_ClockConfig) for HAL_RCC_ClockConfig
    main.o(i.calculate_result) refers to _scanf_int.o(.text) for _scanf_int
    main.o(i.calculate_result) refers to _scanf_str.o(.text) for _scanf_string
[...]
    .text                                    0x080009ee   Section        0  _snputc.o(.text)
    .text                                    0x080009fe   Section        0  _printf_char.o(.text)
    .text                                    0x08000a2c   Section        0  _printf_wctomb.o(.text)
    .text                                    0x08000ae8   Section        0  _printf_longlong_dec.o(.text)
    .text                                    0x08000b64   Section        0  _printf_oct_int_ll.o(.text)
    _printf_longlong_oct_internal            0x08000b65   Thumb Code     0  _printf_oct_int_ll.o(.text)
    .text                                    0x08000bd4   Section        0  _printf_hex_int_ll_ptr.o(.text)
    _printf_hex_common                       0x08000bd5   Thumb Code     0  _printf_hex_int_ll_ptr.o(.text)
    .text                                    0x08000c68   Section        0  _chval.o(.text)
    .text                                    0x08000c84   Section        0  scanf_char.o(.text)
    _scanf_char_input                        0x08000c85   Thumb Code    12  scanf_char.o(.text)
    .text                                    0x08000cb0   Section        0  _sgetc.o(.text)
    .text                                    0x08000cf0   Section      138  lludiv10.o(.text)
    .text                                    0x08000d7a   Section        0  isspace.o(.text)
    .text                                    0x08000d8c   Section        0  _printf_fp_dec.o(.text)
    _fp_digits                               0x08000d8f   Thumb Code   432  _printf_fp_dec.o(.text)
    .text                                    0x080011ac   Section        0  _printf_fp_hex.o(.text)
    .text                                    0x080014a8   Section        0  _printf_wchar.o(.text)
    .text                                    0x080014d4   Section        0  _scanf.o(.text)
    .text                                    0x08001848   Section        0  _wcrtomb.o(.text)
    .text                                    0x08001888   Section       74  sys_stackheap_outer.o(.text)
    .text                                    0x080018d4   Section       16  rt_ctype_table.o(.text)
    .text                                    0x080018e4   Section        8  rt_locale_intlibspace.o(.text)
    .text                                    0x080018ec   Section        0  _printf_fp_infnan.o(.text)
    .text                                    0x0800196c   Section        0  bigflt0.o(.text)
    .text                                    0x08001a50   Section        0  exit.o(.text)
    .text                                    0x08001a64   Section        8  libspace.o(.text)
    .text                                    0x08001a6c   Section      128  strcmpv7m.o(.text)
    .text                                    0x08001aec   Section        0  sys_exit.o(.text)
    .text                                    0x08001af8   Section        2  use_no_semi.o(.text)
    .text                                    0x08001afa   Section        0  indicate_semi.o(.text)
    CL$$btod_d2e                             0x08001afa   Section       62  btod.o(CL$$btod_d2e)
    CL$$btod_d2e_denorm_low                  0x08001b38   Section       70  btod.o(CL$$btod_d2e_denorm_low)
    CL$$btod_d2e_norm_op1                    0x08001b7e   Section       96  btod.o(CL$$btod_d2e_norm_op1)
    CL$$btod_div_common                      0x08001bde   Section      824  btod.o(CL$$btod_div_common)
    CL$$btod_e2e                             0x08001f16   Section      220  btod.o(CL$$btod_e2e)
    CL$$btod_ediv                            0x08001ff2   Section       42  btod.o(CL$$btod_ediv)
    CL$$btod_emul                            0x0800201c   Section       42  btod.o(CL$$btod_emul)
    CL$$btod_mult_common                     0x08002046   Section      580  btod.o(CL$$btod_mult_common)
    i.BusFault_Handler                       0x0800228a   Section        0  stm32f1xx_it.o(i.BusFault_Handler)
    i.DebugMon_Handler                       0x0800228c   Section        0  stm32f1xx_it.o(i.DebugMon_Handler)
    i.EXTI9_5_IRQHandler                     0x0800228e   Section        0  stm32f1xx_it.o(i.EXTI9_5_IRQHandler)
    i.Error_Handler                          0x08002296   Section        0  main.o(i.Error_Handler)
    i.HAL_DMA_Abort                          0x0800229a   Section        0  stm32f1xx_hal_dma.o(i.HAL_DMA_Abort)
    i.HAL_DMA_Abort_IT                       0x080022e0   Section        0  stm32f1xx_hal_dma.o(i.HAL_DMA_Abort_IT)
    i.HAL_Delay                              0x08002378   Section        0  stm32f1xx_hal.o(i.HAL_Delay)
    i.HAL_GPIO_EXTI_Callback                 0x0800239c   Section        0  main.o(i.HAL_GPIO_EXTI_Callback)
    i.HAL_GPIO_EXTI_IRQHandler               0x0800247c   Section        0  stm32f1xx_hal_gpio.o(i.HAL_GPIO_EXTI_IRQHandler)
    i.HAL_GPIO_Init                          0x08002494   Section        0  stm32f1xx_hal_gpio.o(i.HAL_GPIO_Init)
    i.HAL_GPIO_WritePin                      0x08002674   Section        0  stm32f1xx_hal_gpio.o(i.HAL_GPIO_WritePin)
    i.HAL_GetTick                            0x08002680   Section        0  stm32f1xx_hal.o(i.HAL_GetTick)
    i.HAL_I2C_Init                           0x0800268c   Section        0  stm32f1xx_hal_i2c.o(i.HAL_I2C_Init)
    i.HAL_I2C_Mem_Write                      0x08002814   Section        0  stm32f1xx_hal_i2c.o(i.HAL_I2C_Mem_Write)
    i.HAL_I2C_MspInit                        0x08002944   Section        0  i2c.o(i.HAL_I2C_MspInit)
    i.HAL_IncTick                            0x080029a0   Section        0  stm32f1xx_hal.o(i.HAL_IncTick)
    i.HAL_Init                               0x080029b0   Section        0  stm32f1xx_hal.o(i.HAL_Init)
    i.HAL_InitTick                           0x080029d4   Section        0  stm32f1xx_hal.o(i.HAL_InitTick)
    i.HAL_MspInit                            0x08002a14   Section        0  stm32f1xx_hal_msp.o(i.HAL_MspInit)
    i.HAL_NVIC_EnableIRQ                     0x08002a50   Section        0  stm32f1xx_hal_cortex.o(i.HAL_NVIC_EnableIRQ)
    i.HAL_NVIC_SetPriority                   0x08002a6c   Section        0  stm32f1xx_hal_cortex.o(i.HAL_NVIC_SetPriority)
    i.HAL_NVIC_SetPriorityGrouping           0x08002aac   Section        0  stm32f1xx_hal_cortex.o(i.HAL_NVIC_SetPriorityGrouping)
    i.HAL_RCC_ClockConfig                    0x08002ad0   Section        0  stm32f1xx_hal_rcc.o(i.HAL_RCC_ClockConfig)
    i.HAL_RCC_GetPCLK1Freq                   0x08002bfc   Section        0  stm32f1xx_hal_rcc.o(i.HAL_RCC_GetPCLK1Freq)
    i.HAL_RCC_GetPCLK2Freq                   0x08002c1c   Section        0  stm32f1xx_hal_rcc.o(i.HAL_RCC_GetPCLK2Freq)
    i.HAL_RCC_GetSysClockFreq                0x08002c3c   Section        0  stm32f1xx_hal_rcc.o(i.HAL_RCC_GetSysClockFreq)
    i.HAL_RCC_OscConfig                      0x08002c88   Section        0  stm32f1xx_hal_rcc.o(i.HAL_RCC_OscConfig)
    i.HAL_SYSTICK_Config                     0x08002fa8   Section        0  stm32f1xx_hal_cortex.o(i.HAL_SYSTICK_Config)
    i.HAL_TIMEx_MasterConfigSynchronization  0x08002fd0   Section        0  stm32f1xx_hal_tim_ex.o(i.HAL_TIMEx_MasterConfigSynchronization)
    i.HAL_TIM_Base_Init                      0x08003038   Section        0  stm32f1xx_hal_tim.o(i.HAL_TIM_Base_Init)
    i.HAL_TIM_Base_MspInit                   0x08003094   Section        0  tim.o(i.HAL_TIM_Base_MspInit)
    i.HAL_TIM_Base_Start                     0x080030bc   Section        0  stm32f1xx_hal_tim.o(i.HAL_TIM_Base_Start)
    i.HAL_TIM_Base_Stop                      0x0800310c   Section        0  stm32f1xx_hal_tim.o(i.HAL_TIM_Base_Stop)
    i.HAL_TIM_ConfigClockSource              0x08003132   Section        0  stm32f1xx_hal_tim.o(i.HAL_TIM_ConfigClockSource)
    i.HAL_UARTEx_RxEventCallback             0x0800320e   Section        0  stm32f1xx_hal_uart.o(i.HAL_UARTEx_RxEventCallback)
    i.HAL_UART_ErrorCallback                 0x08003210   Section        0  stm32f1xx_hal_uart.o(i.HAL_UART_ErrorCallback)
    i.HAL_UART_IRQHandler                    0x08003214   Section        0  stm32f1xx_hal_uart.o(i.HAL_UART_IRQHandler)
    i.HAL_UART_Init                          0x08003480   Section        0  stm32f1xx_hal_uart.o(i.HAL_UART_Init)
    i.HAL_UART_MspInit                       0x080034e4   Section        0  usart.o(i.HAL_UART_MspInit)
    i.HAL_UART_RxCpltCallback                0x08003564   Section        0  stm32f1xx_hal_uart.o(i.HAL_UART_RxCpltCallback)
    i.HAL_UART_Transmit                      0x08003566   Section        0  stm32f1xx_hal_uart.o(i.HAL_UART_Transmit)
    i.HAL_UART_TxCpltCallback                0x08003606   Section        0  stm32f1xx_hal_uart.o(i.HAL_UART_TxCpltCallback)
    i.HardFault_Handler                      0x08003608   Section        0  stm32f1xx_it.o(i.HardFault_Handler)
    i.I2C_IsAcknowledgeFailed                0x0800360a   Section        0  stm32f1xx_hal_i2c.o(i.I2C_IsAcknowledgeFailed)
    I2C_IsAcknowledgeFailed                  0x0800360b   Thumb Code    46  stm32f1xx_hal_i2c.o(i.I2C_IsAcknowledgeFailed)
    i.I2C_RequestMemoryWrite                 0x08003638   Section        0  stm32f1xx_hal_i2c.o(i.I2C_RequestMemoryWrite)
    I2C_RequestMemoryWrite                   0x08003639   Thumb Code   162  stm32f1xx_hal_i2c.o(i.I2C_RequestMemoryWrite)
    i.I2C_WaitOnBTFFlagUntilTimeout          0x080036e0   Section        0  stm32f1xx_hal_i2c.o(i.I2C_WaitOnBTFFlagUntilTimeout)
    I2C_WaitOnBTFFlagUntilTimeout            0x080036e1   Thumb Code    86  stm32f1xx_hal_i2c.o(i.I2C_WaitOnBTFFlagUntilTimeout)
    i.I2C_WaitOnFlagUntilTimeout             0x08003738   Section        0  stm32f1xx_hal_i2c.o(i.I2C_WaitOnFlagUntilTimeout)
    I2C_WaitOnFlagUntilTimeout               0x08003739   Thumb Code   144  stm32f1xx_hal_i2c.o(i.I2C_WaitOnFlagUntilTimeout)
    i.I2C_WaitOnMasterAddressFlagUntilTimeout 0x080037c8   Section        0  stm32f1xx_hal_i2c.o(i.I2C_WaitOnMasterAddressFlagUntilTimeout)
    I2C_WaitOnMasterAddressFlagUntilTimeout  0x080037c9   Thumb Code   188  stm32f1xx_hal_i2c.o(i.I2C_WaitOnMasterAddressFlagUntilTimeout)
    i.I2C_WaitOnTXEFlagUntilTimeout          0x08003884   Section        0  stm32f1xx_hal_i2c.o(i.I2C_WaitOnTXEFlagUntilTimeout)
    I2C_WaitOnTXEFlagUntilTimeout            0x08003885   Thumb Code    86  stm32f1xx_hal_i2c.o(i.I2C_WaitOnTXEFlagUntilTimeout)
    i.MX_GPIO_Init                           0x080038dc   Section        0  gpio.o(i.MX_GPIO_Init)
    i.MX_I2C1_Init                           0x08003974   Section        0  i2c.o(i.MX_I2C1_Init)
    i.MX_TIM1_Init                           0x080039b4   Section        0  tim.o(i.MX_TIM1_Init)
    i.MX_USART1_UART_Init                    0x08003a1c   Section        0  usart.o(i.MX_USART1_UART_Init)
    i.MemManage_Handler                      0x08003a54   Section        0  stm32f1xx_it.o(i.MemManage_Handler)
    i.NMI_Handler                            0x08003a56   Section        0  stm32f1xx_it.o(i.NMI_Handler)
    i.OLED_Clear                             0x08003a58   Section        0  oled.o(i.OLED_Clear)
    i.OLED_Init                              0x08003a8c   Section        0  oled.o(i.OLED_Init)
    i.OLED_Set_Pos                           0x08003a9c   Section        0  oled.o(i.OLED_Set_Pos)
    i.OLED_ShowChar                          0x08003ac0   Section        0  oled.o(i.OLED_ShowChar)
    i.OLED_ShowString                        0x08003b48   Section        0  oled.o(i.OLED_ShowString)
    i.OLED_WR_CMD                            0x08003b80   Section        0  oled.o(i.OLED_WR_CMD)
    i.OLED_WR_DATA                           0x08003ba4   Section        0  oled.o(i.OLED_WR_DATA)
    i.PendSV_Handler                         0x08003bc8   Section        0  stm32f1xx_it.o(i.PendSV_Handler)
    i.SVC_Handler                            0x08003bca   Section        0  stm32f1xx_it.o(i.SVC_Handler)
    i.SysTick_Handler                        0x08003bcc   Section        0  stm32f1xx_it.o(i.SysTick_Handler)
    i.SystemClock_Config                     0x08003bd0   Section        0  main.o(i.SystemClock_Config)
    i.SystemInit                             0x08003c2e   Section        0  system_stm32f1xx.o(i.SystemInit)
    i.TIM_Base_SetConfig                     0x08003c30   Section        0  stm32f1xx_hal_tim.o(i.TIM_Base_SetConfig)
    i.TIM_ETR_SetConfig                      0x08003ca8   Section        0  stm32f1xx_hal_tim.o(i.TIM_ETR_SetConfig)
    i.TIM_ITRx_SetConfig                     0x08003cbc   Section        0  stm32f1xx_hal_tim.o(i.TIM_ITRx_SetConfig)
    TIM_ITRx_SetConfig                       0x08003cbd   Thumb Code    16  stm32f1xx_hal_tim.o(i.TIM_ITRx_SetConfig)
    i.TIM_TI1_ConfigInputStage               0x08003ccc   Section        0  stm32f1xx_hal_tim.o(i.TIM_TI1_ConfigInputStage)
    TIM_TI1_ConfigInputStage                 0x08003ccd   Thumb Code    34  stm32f1xx_hal_tim.o(i.TIM_TI1_ConfigInputStage)
    i.TIM_TI2_ConfigInputStage               0x08003cee   Section        0  stm32f1xx_hal_tim.o(i.TIM_TI2_ConfigInputStage)
    TIM_TI2_ConfigInputStage                 0x08003cef   Thumb Code    36  stm32f1xx_hal_tim.o(i.TIM_TI2_ConfigInputStage)
    i.UART_DMAAbortOnError                   0x08003d12   Section        0  stm32f1xx_hal_uart.o(i.UART_DMAAbortOnError)
    UART_DMAAbortOnError                     0x08003d13   Thumb Code    16  stm32f1xx_hal_uart.o(i.UART_DMAAbortOnError)
    i.UART_EndRxTransfer                     0x08003d22   Section        0  stm32f1xx_hal_uart.o(i.UART_EndRxTransfer)
    UART_EndRxTransfer                       0x08003d23   Thumb Code    78  stm32f1xx_hal_uart.o(i.UART_EndRxTransfer)
    i.UART_Receive_IT                        0x08003d70   Section        0  stm32f1xx_hal_uart.o(i.UART_Receive_IT)
    UART_Receive_IT                          0x08003d71   Thumb Code   194  stm32f1xx_hal_uart.o(i.UART_Receive_IT)
    i.UART_SetConfig                         0x08003e34   Section        0  stm32f1xx_hal_uart.o(i.UART_SetConfig)
    UART_SetConfig                           0x08003e35   Thumb Code   178  stm32f1xx_hal_uart.o(i.UART_SetConfig)
    i.UART_WaitOnFlagUntilTimeout            0x08003eec   Section        0  stm32f1xx_hal_uart.o(i.UART_WaitOnFlagUntilTimeout)
    UART_WaitOnFlagUntilTimeout              0x08003eed   Thumb Code   114  stm32f1xx_hal_uart.o(i.UART_WaitOnFlagUntilTimeout)
    i.USART1_IRQHandler                      0x08003f60   Section        0  stm32f1xx_it.o(i.USART1_IRQHandler)
    i.Uart_Send_String                       0x08003f6c   Section        0  usart.o(i.Uart_Send_String)
    i.UsageFault_Handler                     0x08003f9c   Section        0  stm32f1xx_it.o(i.UsageFault_Handler)
    i.WriteCmd                               0x08003fa0   Section        0  oled.o(i.WriteCmd)
    i.__ARM_fpclassify                       0x08003fd4   Section        0  fpclassify.o(i.__ARM_fpclassify)
    i.__NVIC_SetPriority                     0x08003ffc   Section        0  stm32f1xx_hal_cortex.o(i.__NVIC_SetPriority)
    __NVIC_SetPriority                       0x08003ffd   Thumb Code    32  stm32f1xx_hal_cortex.o(i.__NVIC_SetPriority)
    i._is_digit                              0x0800401c   Section        0  __printf_wp.o(i._is_digit)
    i.calculate_result                       0x0800402c   Section        0  main.o(i.calculate_result)
    i.clear_tim1_cnt                         0x08004108   Section        0  tim.o(i.clear_tim1_cnt)
    i.count_time_start                       0x08004118   Section        0  tim.o(i.count_time_start)
    i.count_time_stop                        0x0800412c   Section        0  tim.o(i.count_time_stop)
    i.display_expression                     0x08004140   Section        0  main.o(i.display_expression)
    i.get_tim1_cnt                           0x0800415c   Section        0  tim.o(i.get_tim1_cnt)
    i.main                                   0x08004168   Section        0  main.o(i.main)
    i.process_input                          0x080041cc   Section        0  main.o(i.process_input)
    locale$$code                             0x080042a0   Section       44  lc_numeric_c.o(locale$$code)
    locale$$code                             0x080042cc   Section       44  lc_ctype_c.o(locale$$code)
    x$fpl$printf1                            0x080042f8   Section        4  printf1.o(x$fpl$printf1)
    x$fpl$printf2                            0x080042fc   Section        4  printf2.o(x$fpl$printf2)
    .constdata                               0x08004300   Section     2072  oled.o(.constdata)
    x$fpl$usenofp                            0x08004300   Section        0  usenofp.o(x$fpl$usenofp)
    .constdata                               0x08004b18   Section       18  stm32f1xx_hal_rcc.o(.constdata)
    aPredivFactorTable                       0x08004b18   Data           2  stm32f1xx_hal_rcc.o(.constdata)
    aPLLMULFactorTable                       0x08004b1a   Data          16  stm32f1xx_hal_rcc.o(.constdata)
    .constdata                               0x08004b2a   Section       16  system_stm32f1xx.o(.constdata)
    .constdata                               0x08004b3a   Section        8  system_stm32f1xx.o(.constdata)
    .constdata                               0x08004b42   Section       17  __printf_flags_ss_wp.o(.constdata)
    maptable                                 0x08004b42   Data          17  __printf_flags_ss_wp.o(.constdata)
    .constdata                               0x08004b54   Section        8  _printf_wctomb.o(.constdata)
    initial_mbstate                          0x08004b54   Data           8  _printf_wctomb.o(.constdata)
    .constdata                               0x08004b5c   Section       40  _printf_hex_int_ll_ptr.o(.constdata)
    uc_hextab                                0x08004b5c   Data          20  _printf_hex_int_ll_ptr.o(.constdata)
    lc_hextab                                0x08004b70   Data          20  _printf_hex_int_ll_ptr.o(.constdata)
    .constdata                               0x08004b84   Section       38  _printf_fp_hex.o(.constdata)
    lc_hextab                                0x08004b84   Data          19  _printf_fp_hex.o(.constdata)
    uc_hextab                                0x08004b97   Data          19  _printf_fp_hex.o(.constdata)
    .constdata                               0x08004bac   Section      148  bigflt0.o(.constdata)
    tenpwrs_x                                0x08004bac   Data          60  bigflt0.o(.constdata)
    tenpwrs_i                                0x08004be8   Data          64  bigflt0.o(.constdata)
    locale$$data                             0x08004c60   Section       28  lc_numeric_c.o(locale$$data)
    __lcnum_c_name                           0x08004c64   Data           2  lc_numeric_c.o(locale$$data)
    __lcnum_c_start                          0x08004c6c   Data           0  lc_numeric_c.o(locale$$data)
    __lcnum_c_point                          0x08004c78   Data           0  lc_numeric_c.o(locale$$data)
    __lcnum_c_thousands                      0x08004c7a   Data           0  lc_numeric_c.o(locale$$data)
    __lcnum_c_grouping                       0x08004c7b   Data           0  lc_numeric_c.o(locale$$data)
    locale$$data                             0x08004c7c   Section      272  lc_ctype_c.o(locale$$data)
    __lcnum_c_end                            0x08004c7c   Data           0  lc_numeric_c.o(locale$$data)
    __lcctype_c_name                         0x08004c80   Data           2  lc_ctype_c.o(locale$$data)
    __lcctype_c_start                        0x08004c88   Data           0  lc_ctype_c.o(locale$$data)
    __lcctype_c_end                          0x08004d8c   Data           0  lc_ctype_c.o(locale$$data)
    .data                                    0x20000000   Section       31  oled.o(.data)
    .data                                    0x20000020   Section       20  main.o(.data)
    .data                                    0x20000034   Section       12  stm32f1xx_hal.o(.data)
    .data                                    0x20000040   Section        4  system_stm32f1xx.o(.data)
    .bss                                     0x20000044   Section       20  main.o(.bss)
    .bss                                     0x20000058   Section       84  i2c.o(.bss)
    .bss                                     0x200000ac   Section       72  tim.o(.bss)
    .bss                                     0x200000f4   Section      200  usart.o(.bss)
    .bss                                     0x200001bc   Section       96  libspace.o(.bss)
    HEAP                                     0x20000220   Section      512  startup_stm32f103xb.o(HEAP)
    Heap_Mem                                 0x20000220   Data         512  startup_stm32f103xb.o(HEAP)
    STACK                                    0x20000420   Section     1024  startup_stm32f103xb.o(STACK)
    Stack_Mem                                0x20000420   Data        1024  startup_stm32f103xb.o(STACK)
    __initial_sp                             0x20000820   Data           0  startup_stm32f103xb.o(STACK)

    Global Symbols

    Symbol Name                              Value     Ov Type        Size  Object(Section)

    BuildAttributes$$THM_ISAv4$P$D$K$B$S$PE$A:L22UL41UL21$X:L11$S22US41US21$IEEE1$IW$USESV6$~STKCKD$USESV7$~SHL$OTIME$ROPI$IEEEJ$EBA8$UX$STANDARDLIB$REQ8$PRES8$EABIv2 0x00000000   Number         0  anon$$obj.o ABSOLUTE
    __ARM_use_no_argv                        0x00000000   Number         0  main.o ABSOLUTE
    _printf_flags                            0x00000000   Number         0  printf_stubs.o ABSOLUTE
    _printf_return_value                     0x00000000   Number         0  printf_stubs.o ABSOLUTE
    _printf_sizespec                         0x00000000   Number         0  printf_stubs.o ABSOLUTE
    _printf_widthprec                        0x00000000   Number         0  printf_stubs.o ABSOLUTE
    __ARM_exceptions_init                     - Undefined Weak Reference
    __alloca_initialize                       - Undefined Weak Reference
    __arm_fini_                               - Undefined Weak Reference
    __arm_preinit_                            - Undefined Weak Reference
    __cpp_initialize__aeabi_                  - Undefined Weak Reference
    __cxa_finalize                            - Undefined Weak Reference
    __sigvec_lookup                           - Undefined Weak Reference
    _atexit_init                              - Undefined Weak Reference
    _call_atexit_fns                          - Undefined Weak Reference
    _clock_init                               - Undefined Weak Reference
    _fp_trap_init                             - Undefined Weak Reference
    _fp_trap_shutdown                         - Undefined Weak Reference
    _get_lc_collate                           - Undefined Weak Reference
    _get_lc_monetary                          - Undefined Weak Reference
    _get_lc_time                              - Undefined Weak Reference
    _getenv_init                              - Undefined Weak Reference
    _handle_redirection                       - Undefined Weak Reference
    _init_alloc                               - Undefined Weak Reference
    _init_user_alloc                          - Undefined Weak Reference
    _initio                                   - Undefined Weak Reference
    _printf_mbtowc                            - Undefined Weak Reference
    _printf_wc                                - Undefined Weak Reference
    _rand_init                                - Undefined Weak Reference
    _scanf_longlong                           - Undefined Weak Reference
    _scanf_mbtowc                             - Undefined Weak Reference
    _scanf_real                               - Undefined Weak Reference
    _scanf_wctomb                             - Undefined Weak Reference
    _scanf_wstring                            - Undefined Weak Reference
    _signal_finish                            - Undefined Weak Reference
    _signal_init                              - Undefined Weak Reference
    _terminate_alloc                          - Undefined Weak Reference
    _terminate_user_alloc                     - Undefined Weak Reference
    _terminateio                              - Undefined Weak Reference
    __Vectors_Size                           0x000000ec   Number         0  startup_stm32f103xb.o ABSOLUTE
    __Vectors                                0x08000000   Data           4  startup_stm32f103xb.o(RESET)
    __Vectors_End                            0x080000ec   Data           0  startup_stm32f103xb.o(RESET)
    __main                                   0x080000ed   Thumb Code     8  __main.o(!!!main)
    __scatterload                            0x080000f5   Thumb Code     0  __scatter.o(!!!scatter)
    __scatterload_rt2                        0x080000f5   Thumb Code    44  __scatter.o(!!!scatter)
    __scatterload_rt2_thumb_only             0x080000f5   Thumb Code     0  __scatter.o(!!!scatter)
    __scatterload_null                       0x08000103   Thumb Code     0  __scatter.o(!!!scatter)
    __scatterload_copy                       0x08000129   Thumb Code    26  __scatter_copy.o(!!handler_copy)
    __scatterload_zeroinit                   0x08000145   Thumb Code    28  __scatter_zi.o(!!handler_zi)
    _printf_n                                0x08000161   Thumb Code     0  _printf_n.o(.ARM.Collect$$_printf_percent$$00000001)
    _printf_percent                          0x08000161   Thumb Code     0  _printf_percent.o(.ARM.Collect$$_printf_percent$$00000000)
    _printf_p                                0x08000167   Thumb Code     0  _printf_p.o(.ARM.Collect$$_printf_percent$$00000002)
    _printf_f                                0x0800016d   Thumb Code     0  _printf_f.o(.ARM.Collect$$_printf_percent$$00000003)
    _printf_e                                0x08000173   Thumb Code     0  _printf_e.o(.ARM.Collect$$_printf_percent$$00000004)
    _printf_g                                0x08000179   Thumb Code     0  _printf_g.o(.ARM.Collect$$_printf_percent$$00000005)
    _printf_a                                0x0800017f   Thumb Code     0  _printf_a.o(.ARM.Collect$$_printf_percent$$00000006)
    _printf_ll                               0x08000185   Thumb Code     0  _printf_ll.o(.ARM.Collect$$_printf_percent$$00000007)
    _printf_i                                0x0800018f   Thumb Code     0  _printf_i.o(.ARM.Collect$$_printf_percent$$00000008)
    _printf_d                                0x08000195   Thumb Code     0  _printf_d.o(.ARM.Collect$$_printf_percent$$00000009)
    _printf_u                                0x0800019b   Thumb Code     0  _printf_u.o(.ARM.Collect$$_printf_percent$$0000000A)
    _printf_o                                0x080001a1   Thumb Code     0  _printf_o.o(.ARM.Collect$$_printf_percent$$0000000B)
    _printf_x                                0x080001a7   Thumb Code     0  _printf_x.o(.ARM.Collect$$_printf_percent$$0000000C)
    _printf_lli                              0x080001ad   Thumb Code     0  _printf_lli.o(.ARM.Collect$$_printf_percent$$0000000D)
    _printf_lld                              0x080001b3   Thumb Code     0  _printf_lld.o(.ARM.Collect$$_printf_percent$$0000000E)
    _printf_llu                              0x080001b9   Thumb Code     0  _printf_llu.o(.ARM.Collect$$_printf_percent$$0000000F)
    _printf_llo                              0x080001bf   Thumb Code     0  _printf_llo.o(.ARM.Collect$$_printf_percent$$00000010)
    _printf_llx                              0x080001c5   Thumb Code     0  _printf_llx.o(.ARM.Collect$$_printf_percent$$00000011)
    _printf_l                                0x080001cb   Thumb Code     0  _printf_l.o(.ARM.Collect$$_printf_percent$$00000012)
    _printf_c                                0x080001d5   Thumb Code     0  _printf_c.o(.ARM.Collect$$_printf_percent$$00000013)
    _printf_s                                0x080001db   Thumb Code     0  _printf_s.o(.ARM.Collect$$_printf_percent$$00000014)
    _printf_lc                               0x080001e1   Thumb Code     0  _printf_lc.o(.ARM.Collect$$_printf_percent$$00000015)
    _printf_ls                               0x080001e7   Thumb Code     0  _printf_ls.o(.ARM.Collect$$_printf_percent$$00000016)
    _printf_percent_end                      0x080001ed   Thumb Code     0  _printf_percent_end.o(.ARM.Collect$$_printf_percent$$00000017)
    __rt_lib_init                            0x080001f1   Thumb Code     0  libinit.o(.ARM.Collect$$libinit$$00000000)
    __rt_lib_init_fp_1                       0x080001f3   Thumb Code     0  libinit2.o(.ARM.Collect$$libinit$$00000002)
    __rt_lib_init_heap_1                     0x080001f3   Thumb Code     0  libinit2.o(.ARM.Collect$$libinit$$0000000A)
    __rt_lib_init_lc_common                  0x080001f3   Thumb Code     0  libinit2.o(.ARM.Collect$$libinit$$0000000F)
    __rt_lib_init_preinit_1                  0x080001f3   Thumb Code     0  libinit2.o(.ARM.Collect$$libinit$$00000004)
    __rt_lib_init_rand_1                     0x080001f3   Thumb Code     0  libinit2.o(.ARM.Collect$$libinit$$0000000E)
    __rt_lib_init_user_alloc_1               0x080001f3   Thumb Code     0  libinit2.o(.ARM.Collect$$libinit$$0000000C)
    __rt_lib_init_lc_collate_1               0x080001f9   Thumb Code     0  libinit2.o(.ARM.Collect$$libinit$$00000011)
    __rt_lib_init_lc_ctype_2                 0x080001f9   Thumb Code     0  libinit2.o(.ARM.Collect$$libinit$$00000012)
    __rt_lib_init_lc_ctype_1                 0x08000205   Thumb Code     0  libinit2.o(.ARM.Collect$$libinit$$00000013)
    __rt_lib_init_lc_monetary_1              0x08000205   Thumb Code     0  libinit2.o(.ARM.Collect$$libinit$$00000015)
    __rt_lib_init_lc_numeric_2               0x08000205   Thumb Code     0  libinit2.o(.ARM.Collect$$libinit$$00000016)
    __rt_lib_init_alloca_1                   0x0800020f   Thumb Code     0  libinit2.o(.ARM.Collect$$libinit$$0000002E)
    __rt_lib_init_argv_1                     0x0800020f   Thumb Code     0  libinit2.o(.ARM.Collect$$libinit$$0000002C)
    __rt_lib_init_atexit_1                   0x0800020f   Thumb Code     0  libinit2.o(.ARM.Collect$$libinit$$0000001B)
    __rt_lib_init_clock_1                    0x0800020f   Thumb Code     0  libinit2.o(.ARM.Collect$$libinit$$00000021)
    __rt_lib_init_cpp_1                      0x0800020f   Thumb Code     0  libinit2.o(.ARM.Collect$$libinit$$00000032)
    __rt_lib_init_exceptions_1               0x0800020f   Thumb Code     0  libinit2.o(.ARM.Collect$$libinit$$00000030)
    __rt_lib_init_fp_trap_1                  0x0800020f   Thumb Code     0  libinit2.o(.ARM.Collect$$libinit$$0000001F)
    __rt_lib_init_getenv_1                   0x0800020f   Thumb Code     0  libinit2.o(.ARM.Collect$$libinit$$00000023)
    __rt_lib_init_lc_numeric_1               0x0800020f   Thumb Code     0  libinit2.o(.ARM.Collect$$libinit$$00000017)
    __rt_lib_init_lc_time_1                  0x0800020f   Thumb Code     0  libinit2.o(.ARM.Collect$$libinit$$00000019)
    __rt_lib_init_return                     0x0800020f   Thumb Code     0  libinit2.o(.ARM.Collect$$libinit$$00000033)
    __rt_lib_init_signal_1                   0x0800020f   Thumb Code     0  libinit2.o(.ARM.Collect$$libinit$$0000001D)
    __rt_lib_init_stdio_1                    0x0800020f   Thumb Code     0  libinit2.o(.ARM.Collect$$libinit$$00000025)
    __rt_lib_shutdown                        0x08000211   Thumb Code     0  libshutdown.o(.ARM.Collect$$libshutdown$$00000000)
    __rt_lib_shutdown_cpp_1                  0x08000213   Thumb Code     0  libshutdown2.o(.ARM.Collect$$libshutdown$$00000004)
    __rt_lib_shutdown_fini_1                 0x08000213   Thumb Code     0  libshutdown2.o(.ARM.Collect$$libshutdown$$00000002)
    __rt_lib_shutdown_fp_trap_1              0x08000213   Thumb Code     0  libshutdown2.o(.ARM.Collect$$libshutdown$$00000009)
    __rt_lib_shutdown_heap_1                 0x08000213   Thumb Code     0  libshutdown2.o(.ARM.Collect$$libshutdown$$00000011)
    __rt_lib_shutdown_return                 0x08000213   Thumb Code     0  libshutdown2.o(.ARM.Collect$$libshutdown$$00000012)
    __rt_lib_shutdown_signal_1               0x08000213   Thumb Code     0  libshutdown2.o(.ARM.Collect$$libshutdown$$0000000C)
    __rt_lib_shutdown_stdio_1                0x08000213   Thumb Code     0  libshutdown2.o(.ARM.Collect$$libshutdown$$00000006)
    __rt_lib_shutdown_user_alloc_1           0x08000213   Thumb Code     0  libshutdown2.o(.ARM.Collect$$libshutdown$$0000000E)
    __rt_entry                               0x08000215   Thumb Code     0  __rtentry.o(.ARM.Collect$$rtentry$$00000000)
    __rt_entry_presh_1                       0x08000215   Thumb Code     0  __rtentry2.o(.ARM.Collect$$rtentry$$00000002)
    __rt_entry_sh                            0x08000215   Thumb Code     0  __rtentry4.o(.ARM.Collect$$rtentry$$00000004)
    __rt_entry_li                            0x0800021b   Thumb Code     0  __rtentry2.o(.ARM.Collect$$rtentry$$0000000A)
    __rt_entry_postsh_1                      0x0800021b   Thumb Code     0  __rtentry2.o(.ARM.Collect$$rtentry$$00000009)
    __rt_entry_main                          0x0800021f   Thumb Code     0  __rtentry2.o(.ARM.Collect$$rtentry$$0000000D)
    __rt_entry_postli_1                      0x0800021f   Thumb Code     0  __rtentry2.o(.ARM.Collect$$rtentry$$0000000C)
    __rt_exit                                0x08000227   Thumb Code     0  rtexit.o(.ARM.Collect$$rtexit$$00000000)
    __rt_exit_ls                             0x08000229   Thumb Code     0  rtexit2.o(.ARM.Collect$$rtexit$$00000003)
    __rt_exit_prels_1                        0x08000229   Thumb Code     0  rtexit2.o(.ARM.Collect$$rtexit$$00000002)
    __rt_exit_exit                           0x0800022d   Thumb Code     0  rtexit2.o(.ARM.Collect$$rtexit$$00000004)
    Reset_Handler                            0x08000235   Thumb Code     8  startup_stm32f103xb.o(.text)
    ADC1_2_IRQHandler                        0x0800024f   Thumb Code     0  startup_stm32f103xb.o(.text)
    CAN1_RX1_IRQHandler                      0x0800024f   Thumb Code     0  startup_stm32f103xb.o(.text)
    CAN1_SCE_IRQHandler                      0x0800024f   Thumb Code     0  startup_stm32f103xb.o(.text)
    DMA1_Channel1_IRQHandler                 0x0800024f   Thumb Code     0  startup_stm32f103xb.o(.text)
    DMA1_Channel2_IRQHandler                 0x0800024f   Thumb Code     0  startup_stm32f103xb.o(.text)
    DMA1_Channel3_IRQHandler                 0x0800024f   Thumb Code     0  startup_stm32f103xb.o(.text)
    DMA1_Channel4_IRQHandler                 0x0800024f   Thumb Code     0  startup_stm32f103xb.o(.text)
    DMA1_Channel5_IRQHandler                 0x0800024f   Thumb Code     0  startup_stm32f103xb.o(.text)
    DMA1_Channel6_IRQHandler                 0x0800024f   Thumb Code     0  startup_stm32f103xb.o(.text)
    DMA1_Channel7_IRQHandler                 0x0800024f   Thumb Code     0  startup_stm32f103xb.o(.text)
    EXTI0_IRQHandler                         0x0800024f   Thumb Code     0  startup_stm32f103xb.o(.text)
    EXTI15_10_IRQHandler                     0x0800024f   Thumb Code     0  startup_stm32f103xb.o(.text)
    EXTI1_IRQHandler                         0x0800024f   Thumb Code     0  startup_stm32f103xb.o(.text)
    EXTI2_IRQHandler                         0x0800024f   Thumb Code     0  startup_stm32f103xb.o(.text)
    EXTI3_IRQHandler                         0x0800024f   Thumb Code     0  startup_stm32f103xb.o(.text)
    EXTI4_IRQHandler                         0x0800024f   Thumb Code     0  startup_stm32f103xb.o(.text)
    FLASH_IRQHandler                         0x0800024f   Thumb Code     0  startup_stm32f103xb.o(.text)
    I2C1_ER_IRQHandler                       0x0800024f   Thumb Code     0  startup_stm32f103xb.o(.text)
    I2C1_EV_IRQHandler                       0x0800024f   Thumb Code     0  startup_stm32f103xb.o(.text)
    I2C2_ER_IRQHandler                       0x0800024f   Thumb Code     0  startup_stm32f103xb.o(.text)
    I2C2_EV_IRQHandler                       0x0800024f   Thumb Code     0  startup_stm32f103xb.o(.text)
    PVD_IRQHandler                           0x0800024f   Thumb Code     0  startup_stm32f103xb.o(.text)
    RCC_IRQHandler                           0x0800024f   Thumb Code     0  startup_stm32f103xb.o(.text)
    RTC_Alarm_IRQHandler                     0x0800024f   Thumb Code     0  startup_stm32f103xb.o(.text)
    RTC_IRQHandler                           0x0800024f   Thumb Code     0  startup_stm32f103xb.o(.text)
    SPI1_IRQHandler                          0x0800024f   Thumb Code     0  startup_stm32f103xb.o(.text)
    SPI2_IRQHandler                          0x0800024f   Thumb Code     0  startup_stm32f103xb.o(.text)
    TAMPER_IRQHandler                        0x0800024f   Thumb Code     0  startup_stm32f103xb.o(.text)
    TIM1_BRK_IRQHandler                      0x0800024f   Thumb Code     0  startup_stm32f103xb.o(.text)
    TIM1_CC_IRQHandler                       0x0800024f   Thumb Code     0  startup_stm32f103xb.o(.text)
    TIM1_TRG_COM_IRQHandler                  0x0800024f   Thumb Code     0  startup_stm32f103xb.o(.text)
    TIM1_UP_IRQHandler                       0x0800024f   Thumb Code     0  startup_stm32f103xb.o(.text)
    TIM2_IRQHandler                          0x0800024f   Thumb Code     0  startup_stm32f103xb.o(.text)
    TIM3_IRQHandler                          0x0800024f   Thumb Code     0  startup_stm32f103xb.o(.text)
    TIM4_IRQHandler                          0x0800024f   Thumb Code     0  startup_stm32f103xb.o(.text)
    USART2_IRQHandler                        0x0800024f   Thumb Code     0  startup_stm32f103xb.o(.text)
    USART3_IRQHandler                        0x0800024f   Thumb Code     0  startup_stm32f103xb.o(.text)
    USBWakeUp_IRQHandler                     0x0800024f   Thumb Code     0  startup_stm32f103xb.o(.text)
    USB_HP_CAN1_TX_IRQHandler                0x0800024f   Thumb Code     0  startup_stm32f103xb.o(.text)
    USB_LP_CAN1_RX0_IRQHandler               0x0800024f   Thumb Code     0  startup_stm32f103xb.o(.text)
    WWDG_IRQHandler                          0x0800024f   Thumb Code     0  startup_stm32f103xb.o(.text)
    __user_initial_stackheap                 0x08000251   Thumb Code     0  startup_stm32f103xb.o(.text)
    vsnprintf                                0x08000275   Thumb Code    48  vsnprintf.o(.text)
    __2sprintf                               0x080002a9   Thumb Code    38  __2sprintf.o(.text)
    _printf_str                              0x080002d5   Thumb Code    82  _printf_str.o(.text)
    _printf_int_dec                          0x08000329   Thumb Code   104  _printf_dec.o(.text)
    __printf                                 0x080003a1   Thumb Code   388  __printf_flags_ss_wp.o(.text)
    __0sscanf                                0x08000529   Thumb Code    52  __0sscanf.o(.text)
    _scanf_int                               0x08000565   Thumb Code   332  _scanf_int.o(.text)
    _scanf_string                            0x080006b1   Thumb Code   224  _scanf_str.o(.text)
    strlen                                   0x08000791   Thumb Code    62  strlen.o(.text)
    __aeabi_memclr                           0x080007cf   Thumb Code     0  rt_memclr.o(.text)
    __rt_memclr                              0x080007cf   Thumb Code    68  rt_memclr.o(.text)
    _memset                                  0x080007d3   Thumb Code     0  rt_memclr.o(.text)
    __aeabi_memclr4                          0x08000813   Thumb Code     0  rt_memclr_w.o(.text)
    __aeabi_memclr8                          0x08000813   Thumb Code     0  rt_memclr_w.o(.text)
    __rt_memclr_w                            0x08000813   Thumb Code    78  rt_memclr_w.o(.text)
    _memset_w                                0x08000817   Thumb Code     0  rt_memclr_w.o(.text)
    __use_two_region_memory                  0x08000861   Thumb Code     2  heapauxi.o(.text)
    __rt_heap_escrow$2region                 0x08000863   Thumb Code     2  heapauxi.o(.text)
    __rt_heap_expand$2region                 0x08000865   Thumb Code     2  heapauxi.o(.text)
    _printf_pre_padding                      0x08000867   Thumb Code    44  _printf_pad.o(.text)
    _printf_post_padding                     0x08000893   Thumb Code    34  _printf_pad.o(.text)
    _printf_truncate_signed                  0x080008b5   Thumb Code    18  _printf_truncate.o(.text)
    _printf_truncate_unsigned                0x080008c7   Thumb Code    18  _printf_truncate.o(.text)
    _printf_int_common                       0x080008d9   Thumb Code   178  _printf_intcommon.o(.text)
    _printf_charcount                        0x0800098b   Thumb Code    40  _printf_charcount.o(.text)
    _printf_char_common                      0x080009bf   Thumb Code    32  _printf_char_common.o(.text)
    _sputc                                   0x080009e5   Thumb Code    10  _sputc.o(.text)
    _snputc                                  0x080009ef   Thumb Code    16  _snputc.o(.text)
    _printf_cs_common                        0x080009ff   Thumb Code    20  _printf_char.o(.text)
    _printf_char                             0x08000a13   Thumb Code    16  _printf_char.o(.text)
    _printf_string                           0x08000a23   Thumb Code     8  _printf_char.o(.text)
    _printf_wctomb                           0x08000a2d   Thumb Code   182  _printf_wctomb.o(.text)
    _printf_longlong_dec                     0x08000ae9   Thumb Code   108  _printf_longlong_dec.o(.text)
    _printf_longlong_oct                     0x08000b65   Thumb Code    66  _printf_oct_int_ll.o(.text)
    _printf_int_oct                          0x08000ba7   Thumb Code    24  _printf_oct_int_ll.o(.text)
    _printf_ll_oct                           0x08000bbf   Thumb Code    12  _printf_oct_int_ll.o(.text)
    _printf_longlong_hex                     0x08000bd5   Thumb Code    86  _printf_hex_int_ll_ptr.o(.text)
    _printf_int_hex                          0x08000c2b   Thumb Code    28  _printf_hex_int_ll_ptr.o(.text)
    _printf_ll_hex                           0x08000c47   Thumb Code    12  _printf_hex_int_ll_ptr.o(.text)
    _printf_hex_ptr                          0x08000c53   Thumb Code    18  _printf_hex_int_ll_ptr.o(.text)
    _chval                                   0x08000c69   Thumb Code    28  _chval.o(.text)
    __vfscanf_char                           0x08000c91   Thumb Code    24  scanf_char.o(.text)
    _sgetc                                   0x08000cb1   Thumb Code    30  _sgetc.o(.text)
    _sbackspace                              0x08000ccf   Thumb Code    34  _sgetc.o(.text)
    _ll_udiv10                               0x08000cf1   Thumb Code   138  lludiv10.o(.text)
    isspace                                  0x08000d7b   Thumb Code    18  isspace.o(.text)
    __lib_sel_fp_printf                      0x08000d8d   Thumb Code     2  _printf_fp_dec.o(.text)
    _printf_fp_dec_real                      0x08000f3f   Thumb Code   620  _printf_fp_dec.o(.text)
    _printf_fp_hex_real                      0x080011ad   Thumb Code   756  _printf_fp_hex.o(.text)
    _printf_lcs_common                       0x080014a9   Thumb Code    20  _printf_wchar.o(.text)
    _printf_wchar                            0x080014bd   Thumb Code    16  _printf_wchar.o(.text)
    _printf_wstring                          0x080014cd   Thumb Code     8  _printf_wchar.o(.text)
    __vfscanf                                0x080014d5   Thumb Code   880  _scanf.o(.text)
    _wcrtomb                                 0x08001849   Thumb Code    64  _wcrtomb.o(.text)
    __user_setup_stackheap                   0x08001889   Thumb Code    74  sys_stackheap_outer.o(.text)
    __rt_ctype_table                         0x080018d5   Thumb Code    16  rt_ctype_table.o(.text)
    __rt_locale                              0x080018e5   Thumb Code     8  rt_locale_intlibspace.o(.text)
    _printf_fp_infnan                        0x080018ed   Thumb Code   112  _printf_fp_infnan.o(.text)
    _btod_etento                             0x0800196d   Thumb Code   224  bigflt0.o(.text)
    exit                                     0x08001a51   Thumb Code    18  exit.o(.text)
    __user_libspace                          0x08001a65   Thumb Code     8  libspace.o(.text)
    __user_perproc_libspace                  0x08001a65   Thumb Code     0  libspace.o(.text)
    __user_perthread_libspace                0x08001a65   Thumb Code     0  libspace.o(.text)
    strcmp                                   0x08001a6d   Thumb Code   128  strcmpv7m.o(.text)
    _sys_exit                                0x08001aed   Thumb Code     8  sys_exit.o(.text)
    __I$use$semihosting                      0x08001af9   Thumb Code     0  use_no_semi.o(.text)
    __use_no_semihosting_swi                 0x08001af9   Thumb Code     2  use_no_semi.o(.text)
    __semihosting_library_function           0x08001afb   Thumb Code     0  indicate_semi.o(.text)
    _btod_d2e                                0x08001afb   Thumb Code    62  btod.o(CL$$btod_d2e)
    _d2e_denorm_low                          0x08001b39   Thumb Code    70  btod.o(CL$$btod_d2e_denorm_low)
    _d2e_norm_op1                            0x08001b7f   Thumb Code    96  btod.o(CL$$btod_d2e_norm_op1)
    __btod_div_common                        0x08001bdf   Thumb Code   696  btod.o(CL$$btod_div_common)
    _e2e                                     0x08001f17   Thumb Code   220  btod.o(CL$$btod_e2e)
    _btod_ediv                               0x08001ff3   Thumb Code    42  btod.o(CL$$btod_ediv)
    _btod_emul                               0x0800201d   Thumb Code    42  btod.o(CL$$btod_emul)
    __btod_mult_common                       0x08002047   Thumb Code   580  btod.o(CL$$btod_mult_common)
    BusFault_Handler                         0x0800228b   Thumb Code     2  stm32f1xx_it.o(i.BusFault_Handler)
    DebugMon_Handler                         0x0800228d   Thumb Code     2  stm32f1xx_it.o(i.DebugMon_Handler)
    EXTI9_5_IRQHandler                       0x0800228f   Thumb Code     8  stm32f1xx_it.o(i.EXTI9_5_IRQHandler)
    Error_Handler                            0x08002297   Thumb Code     4  main.o(i.Error_Handler)
    HAL_DMA_Abort                            0x0800229b   Thumb Code    70  stm32f1xx_hal_dma.o(i.HAL_DMA_Abort)
    HAL_DMA_Abort_IT                         0x080022e1   Thumb Code   148  stm32f1xx_hal_dma.o(i.HAL_DMA_Abort_IT)
    HAL_Delay                                0x08002379   Thumb Code    32  stm32f1xx_hal.o(i.HAL_Delay)
    HAL_GPIO_EXTI_Callback                   0x0800239d   Thumb Code   218  main.o(i.HAL_GPIO_EXTI_Callback)
    HAL_GPIO_EXTI_IRQHandler                 0x0800247d   Thumb Code    18  stm32f1xx_hal_gpio.o(i.HAL_GPIO_EXTI_IRQHandler)
    HAL_GPIO_Init                            0x08002495   Thumb Code   446  stm32f1xx_hal_gpio.o(i.HAL_GPIO_Init)
    HAL_GPIO_WritePin                        0x08002675   Thumb Code    10  stm32f1xx_hal_gpio.o(i.HAL_GPIO_WritePin)
    HAL_GetTick                              0x08002681   Thumb Code     6  stm32f1xx_hal.o(i.HAL_GetTick)
    HAL_I2C_Init                             0x0800268d   Thumb Code   376  stm32f1xx_hal_i2c.o(i.HAL_I2C_Init)
    HAL_I2C_Mem_Write                        0x08002815   Thumb Code   294  stm32f1xx_hal_i2c.o(i.HAL_I2C_Mem_Write)
    HAL_I2C_MspInit                          0x08002945   Thumb Code    80  i2c.o(i.HAL_I2C_MspInit)
    HAL_IncTick                              0x080029a1   Thumb Code    12  stm32f1xx_hal.o(i.HAL_IncTick)
    HAL_Init                                 0x080029b1   Thumb Code    32  stm32f1xx_hal.o(i.HAL_Init)
    HAL_InitTick                             0x080029d5   Thumb Code    54  stm32f1xx_hal.o(i.HAL_InitTick)
    HAL_MspInit                              0x08002a15   Thumb Code    52  stm32f1xx_hal_msp.o(i.HAL_MspInit)
    HAL_NVIC_EnableIRQ                       0x08002a51   Thumb Code    26  stm32f1xx_hal_cortex.o(i.HAL_NVIC_EnableIRQ)
    HAL_NVIC_SetPriority                     0x08002a6d   Thumb Code    60  stm32f1xx_hal_cortex.o(i.HAL_NVIC_SetPriority)
    HAL_NVIC_SetPriorityGrouping             0x08002aad   Thumb Code    26  stm32f1xx_hal_cortex.o(i.HAL_NVIC_SetPriorityGrouping)
    HAL_RCC_ClockConfig                      0x08002ad1   Thumb Code   280  stm32f1xx_hal_rcc.o(i.HAL_RCC_ClockConfig)
    HAL_RCC_GetPCLK1Freq                     0x08002bfd   Thumb Code    20  stm32f1xx_hal_rcc.o(i.HAL_RCC_GetPCLK1Freq)
    HAL_RCC_GetPCLK2Freq                     0x08002c1d   Thumb Code    20  stm32f1xx_hal_rcc.o(i.HAL_RCC_GetPCLK2Freq)
    HAL_RCC_GetSysClockFreq                  0x08002c3d   Thumb Code    58  stm32f1xx_hal_rcc.o(i.HAL_RCC_GetSysClockFreq)
    HAL_RCC_OscConfig                        0x08002c89   Thumb Code   778  stm32f1xx_hal_rcc.o(i.HAL_RCC_OscConfig)
    HAL_SYSTICK_Config                       0x08002fa9   Thumb Code    40  stm32f1xx_hal_cortex.o(i.HAL_SYSTICK_Config)
    HAL_TIMEx_MasterConfigSynchronization    0x08002fd1   Thumb Code    92  stm32f1xx_hal_tim_ex.o(i.HAL_TIMEx_MasterConfigSynchronization)
    HAL_TIM_Base_Init                        0x08003039   Thumb Code    90  stm32f1xx_hal_tim.o(i.HAL_TIM_Base_Init)
    HAL_TIM_Base_MspInit                     0x08003095   Thumb Code    30  tim.o(i.HAL_TIM_Base_MspInit)
    HAL_TIM_Base_Start                       0x080030bd   Thumb Code    66  stm32f1xx_hal_tim.o(i.HAL_TIM_Base_Start)
    HAL_TIM_Base_Stop                        0x0800310d   Thumb Code    38  stm32f1xx_hal_tim.o(i.HAL_TIM_Base_Stop)
    HAL_TIM_ConfigClockSource                0x08003133   Thumb Code   220  stm32f1xx_hal_tim.o(i.HAL_TIM_ConfigClockSource)
    HAL_UARTEx_RxEventCallback               0x0800320f   Thumb Code     2  stm32f1xx_hal_uart.o(i.HAL_UARTEx_RxEventCallback)
    HAL_UART_ErrorCallback                   0x08003211   Thumb Code     2  stm32f1xx_hal_uart.o(i.HAL_UART_ErrorCallback)
    HAL_UART_IRQHandler                      0x08003215   Thumb Code   616  stm32f1xx_hal_uart.o(i.HAL_UART_IRQHandler)
    HAL_UART_Init                            0x08003481   Thumb Code   100  stm32f1xx_hal_uart.o(i.HAL_UART_Init)
    HAL_UART_MspInit                         0x080034e5   Thumb Code   116  usart.o(i.HAL_UART_MspInit)
    HAL_UART_RxCpltCallback                  0x08003565   Thumb Code     2  stm32f1xx_hal_uart.o(i.HAL_UART_RxCpltCallback)
    HAL_UART_Transmit                        0x08003567   Thumb Code   160  stm32f1xx_hal_uart.o(i.HAL_UART_Transmit)
    HAL_UART_TxCpltCallback                  0x08003607   Thumb Code     2  stm32f1xx_hal_uart.o(i.HAL_UART_TxCpltCallback)
    HardFault_Handler                        0x08003609   Thumb Code     2  stm32f1xx_it.o(i.HardFault_Handler)
    MX_GPIO_Init                             0x080038dd   Thumb Code   134  gpio.o(i.MX_GPIO_Init)
    MX_I2C1_Init                             0x08003975   Thumb Code    50  i2c.o(i.MX_I2C1_Init)
    MX_TIM1_Init                             0x080039b5   Thumb Code    96  tim.o(i.MX_TIM1_Init)
    MX_USART1_UART_Init                      0x08003a1d   Thumb Code    48  usart.o(i.MX_USART1_UART_Init)
    MemManage_Handler                        0x08003a55   Thumb Code     2  stm32f1xx_it.o(i.MemManage_Handler)
    NMI_Handler                              0x08003a57   Thumb Code     2  stm32f1xx_it.o(i.NMI_Handler)
    OLED_Clear                               0x08003a59   Thumb Code    52  oled.o(i.OLED_Clear)
    OLED_Init                                0x08003a8d   Thumb Code    16  oled.o(i.OLED_Init)
    OLED_Set_Pos                             0x08003a9d   Thumb Code    34  oled.o(i.OLED_Set_Pos)
    OLED_ShowChar                            0x08003ac1   Thumb Code   126  oled.o(i.OLED_ShowChar)
    OLED_ShowString                          0x08003b49   Thumb Code    54  oled.o(i.OLED_ShowString)
    OLED_WR_CMD                              0x08003b81   Thumb Code    32  oled.o(i.OLED_WR_CMD)
    OLED_WR_DATA                             0x08003ba5   Thumb Code    32  oled.o(i.OLED_WR_DATA)
    PendSV_Handler                           0x08003bc9   Thumb Code     2  stm32f1xx_it.o(i.PendSV_Handler)
    SVC_Handler                              0x08003bcb   Thumb Code     2  stm32f1xx_it.o(i.SVC_Handler)
    SysTick_Handler                          0x08003bcd   Thumb Code     4  stm32f1xx_it.o(i.SysTick_Handler)
    SystemClock_Config                       0x08003bd1   Thumb Code    94  main.o(i.SystemClock_Config)
    SystemInit                               0x08003c2f   Thumb Code     2  system_stm32f1xx.o(i.SystemInit)
    TIM_Base_SetConfig                       0x08003c31   Thumb Code   108  stm32f1xx_hal_tim.o(i.TIM_Base_SetConfig)
    TIM_ETR_SetConfig                        0x08003ca9   Thumb Code    20  stm32f1xx_hal_tim.o(i.TIM_ETR_SetConfig)
    USART1_IRQHandler                        0x08003f61   Thumb Code     6  stm32f1xx_it.o(i.USART1_IRQHandler)
    Uart_Send_String                         0x08003f6d   Thumb Code    44  usart.o(i.Uart_Send_String)
    UsageFault_Handler                       0x08003f9d   Thumb Code     2  stm32f1xx_it.o(i.UsageFault_Handler)
    WriteCmd                                 0x08003fa1   Thumb Code    42  oled.o(i.WriteCmd)
    __ARM_fpclassify                         0x08003fd5   Thumb Code    40  fpclassify.o(i.__ARM_fpclassify)
    _is_digit                                0x0800401d   Thumb Code    14  __printf_wp.o(i._is_digit)
    calculate_result                         0x0800402d   Thumb Code   186  main.o(i.calculate_result)
    clear_tim1_cnt                           0x08004109   Thumb Code    10  tim.o(i.clear_tim1_cnt)
    count_time_start                         0x08004119   Thumb Code    16  tim.o(i.count_time_start)
    count_time_stop                          0x0800412d   Thumb Code    16  tim.o(i.count_time_stop)
    display_expression                       0x08004141   Thumb Code    22  main.o(i.display_expression)
    get_tim1_cnt                             0x0800415d   Thumb Code     8  tim.o(i.get_tim1_cnt)
    main                                     0x08004169   Thumb Code    66  main.o(i.main)
    process_input                            0x080041cd   Thumb Code   202  main.o(i.process_input)
    _get_lc_numeric                          0x080042a1   Thumb Code    44  lc_numeric_c.o(locale$$code)
    _get_lc_ctype                            0x080042cd   Thumb Code    44  lc_ctype_c.o(locale$$code)
    _printf_fp_dec                           0x080042f9   Thumb Code     4  printf1.o(x$fpl$printf1)
    _printf_fp_hex                           0x080042fd   Thumb Code     4  printf2.o(x$fpl$printf2)
    F6x8                                     0x08004300   Data         552  oled.o(.constdata)
    __I$use$fp                               0x08004300   Number         0  usenofp.o(x$fpl$usenofp)
    F8x16                                    0x08004528   Data        1520  oled.o(.constdata)
    AHBPrescTable                            0x08004b2a   Data          16  system_stm32f1xx.o(.constdata)
    APBPrescTable                            0x08004b3a   Data           8  system_stm32f1xx.o(.constdata)
    Region$$Table$$Base                      0x08004c40   Number         0  anon$$obj.o(Region$$Table)
    Region$$Table$$Limit                     0x08004c60   Number         0  anon$$obj.o(Region$$Table)
    __ctype                                  0x08004c89   Data           0  lc_ctype_c.o(locale$$data)
    Hzk                                      0x20000000   Data           4  oled.o(.data)
    CMD_Data                                 0x20000004   Data          27  oled.o(.data)
    state                                    0x20000020   Data           1  main.o(.data)
    signal_repeat                            0x20000021   Data           1  main.o(.data)
    signal_data_rx_over                      0x20000022   Data           1  main.o(.data)
    expr_len                                 0x20000023   Data           1  main.o(.data)
    pdata                                    0x20000024   Data           2  main.o(.data)
    count                                    0x20000028   Data           4  main.o(.data)
    result                                   0x2000002c   Data           4  main.o(.data)
    ir_receive                               0x20000030   Data           4  main.o(.data)
    uwTickFreq                               0x20000034   Data           1  stm32f1xx_hal.o(.data)
    uwTickPrio                               0x20000038   Data           4  stm32f1xx_hal.o(.data)
    uwTick                                   0x2000003c   Data           4  stm32f1xx_hal.o(.data)
    SystemCoreClock                          0x20000040   Data           4  system_stm32f1xx.o(.data)
    expression                               0x20000044   Data          20  main.o(.bss)
    hi2c1                                    0x20000058   Data          84  i2c.o(.bss)
    htim1                                    0x200000ac   Data          72  tim.o(.bss)
    TXBuffer                                 0x200000f4   Data         128  usart.o(.bss)
    huart1                                   0x20000174   Data          72  usart.o(.bss)
    __libspace_start                         0x200001bc   Data          96  libspace.o(.bss)
    __temporary_stack_top$libspace           0x2000021c   Data           0  libspace.o(.bss)



==============================================================================

Memory Map of the image

  Image Entry point : 0x080000ed

  Load Region LR_IROM1 (Base: 0x08000000, Size: 0x00004dd0, Max: 0x00010000, ABSOLUTE)

    Execution Region ER_IROM1 (Base: 0x08000000, Size: 0x00004d8c, Max: 0x00010000, ABSOLUTE)

    Base Addr    Size         Type   Attr      Idx    E Section Name        Object

    0x08000000   0x000000ec   Data   RO            3    RESET               startup_stm32f103xb.o
    0x080000ec   0x00000008   Code   RO         3495  * !!!main             c_w.l(__main.o)
    0x080000f4   0x00000034   Code   RO         3801    !!!scatter          c_w.l(__scatter.o)
    0x08000128   0x0000001a   Code   RO         3803    !!handler_copy      c_w.l(__scatter_copy.o)
    0x08000142   0x00000002   PAD
    0x08000144   0x0000001c   Code   RO         3805    !!handler_zi        c_w.l(__scatter_zi.o)
    0x08000160   0x00000000   Code   RO         3480    .ARM.Collect$$_printf_percent$$00000000  c_w.l(_printf_percent.o)
    0x08000160   0x00000006   Code   RO         3547    .ARM.Collect$$_printf_percent$$00000001  c_w.l(_printf_n.o)
    0x08000166   0x00000006   Code   RO         3549    .ARM.Collect$$_printf_percent$$00000002  c_w.l(_printf_p.o)
    0x0800016c   0x00000006   Code   RO         3553    .ARM.Collect$$_printf_percent$$00000003  c_w.l(_printf_f.o)
    0x08000172   0x00000006   Code   RO         3554    .ARM.Collect$$_printf_percent$$00000004  c_w.l(_printf_e.o)
    0x08000178   0x00000006   Code   RO         3555    .ARM.Collect$$_printf_percent$$00000005  c_w.l(_printf_g.o)
    0x0800017e   0x00000006   Code   RO         3556    .ARM.Collect$$_printf_percent$$00000006  c_w.l(_printf_a.o)
    0x08000184   0x0000000a   Code   RO         3561    .ARM.Collect$$_printf_percent$$00000007  c_w.l(_printf_ll.o)
    0x0800018e   0x00000006   Code   RO         3551    .ARM.Collect$$_printf_percent$$00000008  c_w.l(_printf_i.o)
    0x08000194   0x00000006   Code   RO         3479    .ARM.Collect$$_printf_percent$$00000009  c_w.l(_printf_d.o)
    0x0800019a   0x00000006   Code   RO         3552    .ARM.Collect$$_printf_percent$$0000000A  c_w.l(_printf_u.o)
    0x080001a0   0x00000006   Code   RO         3550    .ARM.Collect$$_printf_percent$$0000000B  c_w.l(_printf_o.o)
    0x080001a6   0x00000006   Code   RO         3548    .ARM.Collect$$_printf_percent$$0000000C  c_w.l(_printf_x.o)
    0x080001ac   0x00000006   Code   RO         3558    .ARM.Collect$$_printf_percent$$0000000D  c_w.l(_printf_lli.o)
    0x080001b2   0x00000006   Code   RO         3559    .ARM.Collect$$_printf_percent$$0000000E  c_w.l(_printf_lld.o)
    0x080001b8   0x00000006   Code   RO         3560    .ARM.Collect$$_printf_percent$$0000000F  c_w.l(_printf_llu.o)
    0x080001be   0x00000006   Code   RO         3565    .ARM.Collect$$_printf_percent$$00000010  c_w.l(_printf_llo.o)
    0x080001c4   0x00000006   Code   RO         3566    .ARM.Collect$$_printf_percent$$00000011  c_w.l(_printf_llx.o)
    0x080001ca   0x0000000a   Code   RO         3562    .ARM.Collect$$_printf_percent$$00000012  c_w.l(_printf_l.o)
    0x080001d4   0x00000006   Code   RO         3546    .ARM.Collect$$_printf_percent$$00000013  c_w.l(_printf_c.o)
    0x080001da   0x00000006   Code   RO         3478    .ARM.Collect$$_printf_percent$$00000014  c_w.l(_printf_s.o)
    0x080001e0   0x00000006   Code   RO         3563    .ARM.Collect$$_printf_percent$$00000015  c_w.l(_printf_lc.o)
    0x080001e6   0x00000006   Code   RO         3564    .ARM.Collect$$_printf_percent$$00000016  c_w.l(_printf_ls.o)
    0x080001ec   0x00000004   Code   RO         3557    .ARM.Collect$$_printf_percent$$00000017  c_w.l(_printf_percent_end.o)
    0x080001f0   0x00000002   Code   RO         3659    .ARM.Collect$$libinit$$00000000  c_w.l(libinit.o)
    0x080001f2   0x00000000   Code   RO         3676    .ARM.Collect$$libinit$$00000002  c_w.l(libinit2.o)
    0x080001f2   0x00000000   Code   RO         3678    .ARM.Collect$$libinit$$00000004  c_w.l(libinit2.o)
    0x080001f2   0x00000000   Code   RO         3681    .ARM.Collect$$libinit$$0000000A  c_w.l(libinit2.o)
    0x080001f2   0x00000000   Code   RO         3683    .ARM.Collect$$libinit$$0000000C  c_w.l(libinit2.o)
    0x080001f2   0x00000000   Code   RO         3685    .ARM.Collect$$libinit$$0000000E  c_w.l(libinit2.o)
    0x080001f2   0x00000006   Code   RO         3686    .ARM.Collect$$libinit$$0000000F  c_w.l(libinit2.o)
    0x080001f8   0x00000000   Code   RO         3688    .ARM.Collect$$libinit$$00000011  c_w.l(libinit2.o)
    0x080001f8   0x0000000c   Code   RO         3689    .ARM.Collect$$libinit$$00000012  c_w.l(libinit2.o)
    0x08000204   0x00000000   Code   RO         3690    .ARM.Collect$$libinit$$00000013  c_w.l(libinit2.o)
    0x08000204   0x00000000   Code   RO         3692    .ARM.Collect$$libinit$$00000015  c_w.l(libinit2.o)
    0x08000204   0x0000000a   Code   RO         3693    .ARM.Collect$$libinit$$00000016  c_w.l(libinit2.o)
    0x0800020e   0x00000000   Code   RO         3694    .ARM.Collect$$libinit$$00000017  c_w.l(libinit2.o)
    0x0800020e   0x00000000   Code   RO         3696    .ARM.Collect$$libinit$$00000019  c_w.l(libinit2.o)
    0x0800020e   0x00000000   Code   RO         3698    .ARM.Collect$$libinit$$0000001B  c_w.l(libinit2.o)
    0x0800020e   0x00000000   Code   RO         3700    .ARM.Collect$$libinit$$0000001D  c_w.l(libinit2.o)
    0x0800020e   0x00000000   Code   RO         3702    .ARM.Collect$$libinit$$0000001F  c_w.l(libinit2.o)
    0x0800020e   0x00000000   Code   RO         3704    .ARM.Collect$$libinit$$00000021  c_w.l(libinit2.o)
    0x0800020e   0x00000000   Code   RO         3706    .ARM.Collect$$libinit$$00000023  c_w.l(libinit2.o)
    0x0800020e   0x00000000   Code   RO         3708    .ARM.Collect$$libinit$$00000025  c_w.l(libinit2.o)
    0x0800020e   0x00000000   Code   RO         3712    .ARM.Collect$$libinit$$0000002C  c_w.l(libinit2.o)
    0x0800020e   0x00000000   Code   RO         3714    .ARM.Collect$$libinit$$0000002E  c_w.l(libinit2.o)
    0x0800020e   0x00000000   Code   RO         3716    .ARM.Collect$$libinit$$00000030  c_w.l(libinit2.o)
    0x0800020e   0x00000000   Code   RO         3718    .ARM.Collect$$libinit$$00000032  c_w.l(libinit2.o)
    0x0800020e   0x00000002   Code   RO         3719    .ARM.Collect$$libinit$$00000033  c_w.l(libinit2.o)
    0x08000210   0x00000002   Code   RO         3739    .ARM.Collect$$libshutdown$$00000000  c_w.l(libshutdown.o)
    0x08000212   0x00000000   Code   RO         3752    .ARM.Collect$$libshutdown$$00000002  c_w.l(libshutdown2.o)
    0x08000212   0x00000000   Code   RO         3754    .ARM.Collect$$libshutdown$$00000004  c_w.l(libshutdown2.o)
    0x08000212   0x00000000   Code   RO         3756    .ARM.Collect$$libshutdown$$00000006  c_w.l(libshutdown2.o)
    0x08000212   0x00000000   Code   RO         3759    .ARM.Collect$$libshutdown$$00000009  c_w.l(libshutdown2.o)
    0x08000212   0x00000000   Code   RO         3762    .ARM.Collect$$libshutdown$$0000000C  c_w.l(libshutdown2.o)
    0x08000212   0x00000000   Code   RO         3764    .ARM.Collect$$libshutdown$$0000000E  c_w.l(libshutdown2.o)
    0x08000212   0x00000000   Code   RO         3767    .ARM.Collect$$libshutdown$$00000011  c_w.l(libshutdown2.o)
    0x08000212   0x00000002   Code   RO         3768    .ARM.Collect$$libshutdown$$00000012  c_w.l(libshutdown2.o)
    0x08000214   0x00000000   Code   RO         3497    .ARM.Collect$$rtentry$$00000000  c_w.l(__rtentry.o)
    0x08000214   0x00000000   Code   RO         3582    .ARM.Collect$$rtentry$$00000002  c_w.l(__rtentry2.o)
    0x08000214   0x00000006   Code   RO         3594    .ARM.Collect$$rtentry$$00000004  c_w.l(__rtentry4.o)
    0x0800021a   0x00000000   Code   RO         3584    .ARM.Collect$$rtentry$$00000009  c_w.l(__rtentry2.o)
    0x0800021a   0x00000004   Code   RO         3585    .ARM.Collect$$rtentry$$0000000A  c_w.l(__rtentry2.o)
    0x0800021e   0x00000000   Code   RO         3587    .ARM.Collect$$rtentry$$0000000C  c_w.l(__rtentry2.o)
    0x0800021e   0x00000008   Code   RO         3588    .ARM.Collect$$rtentry$$0000000D  c_w.l(__rtentry2.o)
    0x08000226   0x00000002   Code   RO         3668    .ARM.Collect$$rtexit$$00000000  c_w.l(rtexit.o)
    0x08000228   0x00000000   Code   RO         3721    .ARM.Collect$$rtexit$$00000002  c_w.l(rtexit2.o)
    0x08000228   0x00000004   Code   RO         3722    .ARM.Collect$$rtexit$$00000003  c_w.l(rtexit2.o)
    0x0800022c   0x00000006   Code   RO         3723    .ARM.Collect$$rtexit$$00000004  c_w.l(rtexit2.o)
    0x08000232   0x00000002   PAD
    0x08000234   0x00000040   Code   RO            4    .text               startup_stm32f103xb.o
    0x08000274   0x00000034   Code   RO         3446    .text               c_w.l(vsnprintf.o)
    0x080002a8   0x0000002c   Code   RO         3448    .text               c_w.l(__2sprintf.o)
    0x080002d4   0x00000052   Code   RO         3454    .text               c_w.l(_printf_str.o)
    0x08000326   0x00000002   PAD
    0x08000328   0x00000078   Code   RO         3456    .text               c_w.l(_printf_dec.o)
    0x080003a0   0x00000188   Code   RO         3475    .text               c_w.l(__printf_flags_ss_wp.o)
    0x08000528   0x0000003c   Code   RO         3481    .text               c_w.l(__0sscanf.o)
    0x08000564   0x0000014c   Code   RO         3483    .text               c_w.l(_scanf_int.o)
    0x080006b0   0x000000e0   Code   RO         3485    .text               c_w.l(_scanf_str.o)
    0x08000790   0x0000003e   Code   RO         3487    .text               c_w.l(strlen.o)
    0x080007ce   0x00000044   Code   RO         3489    .text               c_w.l(rt_memclr.o)
    0x08000812   0x0000004e   Code   RO         3491    .text               c_w.l(rt_memclr_w.o)
    0x08000860   0x00000006   Code   RO         3493    .text               c_w.l(heapauxi.o)
    0x08000866   0x0000004e   Code   RO         3498    .text               c_w.l(_printf_pad.o)
    0x080008b4   0x00000024   Code   RO         3500    .text               c_w.l(_printf_truncate.o)
    0x080008d8   0x000000b2   Code   RO         3502    .text               c_w.l(_printf_intcommon.o)
    0x0800098a   0x00000028   Code   RO         3504    .text               c_w.l(_printf_charcount.o)
    0x080009b2   0x00000002   PAD
    0x080009b4   0x00000030   Code   RO         3506    .text               c_w.l(_printf_char_common.o)
    0x080009e4   0x0000000a   Code   RO         3508    .text               c_w.l(_sputc.o)
    0x080009ee   0x00000010   Code   RO         3510    .text               c_w.l(_snputc.o)
    0x080009fe   0x0000002c   Code   RO         3512    .text               c_w.l(_printf_char.o)
    0x08000a2a   0x00000002   PAD
    0x08000a2c   0x000000bc   Code   RO         3514    .text               c_w.l(_printf_wctomb.o)
    0x08000ae8   0x0000007c   Code   RO         3517    .text               c_w.l(_printf_longlong_dec.o)
    0x08000b64   0x00000070   Code   RO         3523    .text               c_w.l(_printf_oct_int_ll.o)
    0x08000bd4   0x00000094   Code   RO         3543    .text               c_w.l(_printf_hex_int_ll_ptr.o)
    0x08000c68   0x0000001c   Code   RO         3567    .text               c_w.l(_chval.o)
    0x08000c84   0x0000002c   Code   RO         3569    .text               c_w.l(scanf_char.o)
    0x08000cb0   0x00000040   Code   RO         3571    .text               c_w.l(_sgetc.o)
    0x08000cf0   0x0000008a   Code   RO         3596    .text               c_w.l(lludiv10.o)
    0x08000d7a   0x00000012   Code   RO         3598    .text               c_w.l(isspace.o)
    0x08000d8c   0x0000041e   Code   RO         3600    .text               c_w.l(_printf_fp_dec.o)
    0x080011aa   0x00000002   PAD
    0x080011ac   0x000002fc   Code   RO         3602    .text               c_w.l(_printf_fp_hex.o)
    0x080014a8   0x0000002c   Code   RO         3607    .text               c_w.l(_printf_wchar.o)
    0x080014d4   0x00000374   Code   RO         3609    .text               c_w.l(_scanf.o)
    0x08001848   0x00000040   Code   RO         3611    .text               c_w.l(_wcrtomb.o)
    0x08001888   0x0000004a   Code   RO         3613    .text               c_w.l(sys_stackheap_outer.o)
    0x080018d2   0x00000002   PAD
    0x080018d4   0x00000010   Code   RO         3615    .text               c_w.l(rt_ctype_table.o)
    0x080018e4   0x00000008   Code   RO         3620    .text               c_w.l(rt_locale_intlibspace.o)
    0x080018ec   0x00000080   Code   RO         3622    .text               c_w.l(_printf_fp_infnan.o)
    0x0800196c   0x000000e4   Code   RO         3624    .text               c_w.l(bigflt0.o)
    0x08001a50   0x00000012   Code   RO         3652    .text               c_w.l(exit.o)
    0x08001a62   0x00000002   PAD
    0x08001a64   0x00000008   Code   RO         3665    .text               c_w.l(libspace.o)
    0x08001a6c   0x00000080   Code   RO         3673    .text               c_w.l(strcmpv7m.o)
    0x08001aec   0x0000000c   Code   RO         3731    .text               c_w.l(sys_exit.o)
    0x08001af8   0x00000002   Code   RO         3742    .text               c_w.l(use_no_semi.o)
    0x08001afa   0x00000000   Code   RO         3744    .text               c_w.l(indicate_semi.o)
    0x08001afa   0x0000003e   Code   RO         3627    CL$$btod_d2e        c_w.l(btod.o)
    0x08001b38   0x00000046   Code   RO         3629    CL$$btod_d2e_denorm_low  c_w.l(btod.o)
    0x08001b7e   0x00000060   Code   RO         3628    CL$$btod_d2e_norm_op1  c_w.l(btod.o)
    0x08001bde   0x00000338   Code   RO         3637    CL$$btod_div_common  c_w.l(btod.o)
    0x08001f16   0x000000dc   Code   RO         3634    CL$$btod_e2e        c_w.l(btod.o)
    0x08001ff2   0x0000002a   Code   RO         3631    CL$$btod_ediv       c_w.l(btod.o)
    0x0800201c   0x0000002a   Code   RO         3630    CL$$btod_emul       c_w.l(btod.o)
    0x08002046   0x00000244   Code   RO         3636    CL$$btod_mult_common  c_w.l(btod.o)
    0x0800228a   0x00000002   Code   RO          509    i.BusFault_Handler  stm32f1xx_it.o
    0x0800228c   0x00000002   Code   RO          510    i.DebugMon_Handler  stm32f1xx_it.o
    0x0800228e   0x00000008   Code   RO          511    i.EXTI9_5_IRQHandler  stm32f1xx_it.o
    0x08002296   0x00000004   Code   RO          223    i.Error_Handler     main.o
    0x0800229a   0x00000046   Code   RO         1475    i.HAL_DMA_Abort     stm32f1xx_hal_dma.o
    0x080022e0   0x00000098   Code   RO         1476    i.HAL_DMA_Abort_IT  stm32f1xx_hal_dma.o
    0x08002378   0x00000024   Code   RO         1101    i.HAL_Delay         stm32f1xx_hal.o
    0x0800239c   0x000000e0   Code   RO          224    i.HAL_GPIO_EXTI_Callback  main.o
    0x0800247c   0x00000018   Code   RO         1410    i.HAL_GPIO_EXTI_IRQHandler  stm32f1xx_hal_gpio.o
    0x08002494   0x000001e0   Code   RO         1411    i.HAL_GPIO_Init     stm32f1xx_hal_gpio.o
    0x08002674   0x0000000a   Code   RO         1415    i.HAL_GPIO_WritePin  stm32f1xx_hal_gpio.o
    0x0800267e   0x00000002   PAD
    0x08002680   0x0000000c   Code   RO         1105    i.HAL_GetTick       stm32f1xx_hal.o
    0x0800268c   0x00000188   Code   RO          668    i.HAL_I2C_Init      stm32f1xx_hal_i2c.o
    0x08002814   0x00000130   Code   RO          689    i.HAL_I2C_Mem_Write  stm32f1xx_hal_i2c.o
    0x08002944   0x0000005c   Code   RO          342    i.HAL_I2C_MspInit   i2c.o
    0x080029a0   0x00000010   Code   RO         1111    i.HAL_IncTick       stm32f1xx_hal.o
    0x080029b0   0x00000024   Code   RO         1112    i.HAL_Init          stm32f1xx_hal.o
    0x080029d4   0x00000040   Code   RO         1113    i.HAL_InitTick      stm32f1xx_hal.o
    0x08002a14   0x0000003c   Code   RO          597    i.HAL_MspInit       stm32f1xx_hal_msp.o
    0x08002a50   0x0000001a   Code   RO         1571    i.HAL_NVIC_EnableIRQ  stm32f1xx_hal_cortex.o
    0x08002a6a   0x00000002   PAD
    0x08002a6c   0x00000040   Code   RO         1577    i.HAL_NVIC_SetPriority  stm32f1xx_hal_cortex.o
    0x08002aac   0x00000024   Code   RO         1578    i.HAL_NVIC_SetPriorityGrouping  stm32f1xx_hal_cortex.o
    0x08002ad0   0x0000012c   Code   RO         1269    i.HAL_RCC_ClockConfig  stm32f1xx_hal_rcc.o
    0x08002bfc   0x00000020   Code   RO         1276    i.HAL_RCC_GetPCLK1Freq  stm32f1xx_hal_rcc.o
    0x08002c1c   0x00000020   Code   RO         1277    i.HAL_RCC_GetPCLK2Freq  stm32f1xx_hal_rcc.o
    0x08002c3c   0x0000004c   Code   RO         1278    i.HAL_RCC_GetSysClockFreq  stm32f1xx_hal_rcc.o
    0x08002c88   0x00000320   Code   RO         1281    i.HAL_RCC_OscConfig  stm32f1xx_hal_rcc.o
    0x08002fa8   0x00000028   Code   RO         1582    i.HAL_SYSTICK_Config  stm32f1xx_hal_cortex.o
    0x08002fd0   0x00000068   Code   RO         2796    i.HAL_TIMEx_MasterConfigSynchronization  stm32f1xx_hal_tim_ex.o
    0x08003038   0x0000005a   Code   RO         2073    i.HAL_TIM_Base_Init  stm32f1xx_hal_tim.o
    0x08003092   0x00000002   PAD
    0x08003094   0x00000028   Code   RO          384    i.HAL_TIM_Base_MspInit  tim.o
    0x080030bc   0x00000050   Code   RO         2076    i.HAL_TIM_Base_Start  stm32f1xx_hal_tim.o
    0x0800310c   0x00000026   Code   RO         2079    i.HAL_TIM_Base_Stop  stm32f1xx_hal_tim.o
    0x08003132   0x000000dc   Code   RO         2082    i.HAL_TIM_ConfigClockSource  stm32f1xx_hal_tim.o
    0x0800320e   0x00000002   Code   RO         3056    i.HAL_UARTEx_RxEventCallback  stm32f1xx_hal_uart.o
    0x08003210   0x00000002   Code   RO         3070    i.HAL_UART_ErrorCallback  stm32f1xx_hal_uart.o
    0x08003212   0x00000002   PAD
    0x08003214   0x0000026c   Code   RO         3073    i.HAL_UART_IRQHandler  stm32f1xx_hal_uart.o
    0x08003480   0x00000064   Code   RO         3074    i.HAL_UART_Init     stm32f1xx_hal_uart.o
    0x080034e4   0x00000080   Code   RO          455    i.HAL_UART_MspInit  usart.o
    0x08003564   0x00000002   Code   RO         3080    i.HAL_UART_RxCpltCallback  stm32f1xx_hal_uart.o
    0x08003566   0x000000a0   Code   RO         3082    i.HAL_UART_Transmit  stm32f1xx_hal_uart.o
    0x08003606   0x00000002   Code   RO         3085    i.HAL_UART_TxCpltCallback  stm32f1xx_hal_uart.o
    0x08003608   0x00000002   Code   RO          512    i.HardFault_Handler  stm32f1xx_it.o
    0x0800360a   0x0000002e   Code   RO          711    i.I2C_IsAcknowledgeFailed  stm32f1xx_hal_i2c.o
    0x08003638   0x000000a8   Code   RO          722    i.I2C_RequestMemoryWrite  stm32f1xx_hal_i2c.o
    0x080036e0   0x00000056   Code   RO          726    i.I2C_WaitOnBTFFlagUntilTimeout  stm32f1xx_hal_i2c.o
    0x08003736   0x00000002   PAD
    0x08003738   0x00000090   Code   RO          727    i.I2C_WaitOnFlagUntilTimeout  stm32f1xx_hal_i2c.o
    0x080037c8   0x000000bc   Code   RO          728    i.I2C_WaitOnMasterAddressFlagUntilTimeout  stm32f1xx_hal_i2c.o
    0x08003884   0x00000056   Code   RO          730    i.I2C_WaitOnTXEFlagUntilTimeout  stm32f1xx_hal_i2c.o
    0x080038da   0x00000002   PAD
    0x080038dc   0x00000098   Code   RO          317    i.MX_GPIO_Init      gpio.o
    0x08003974   0x00000040   Code   RO          343    i.MX_I2C1_Init      i2c.o
    0x080039b4   0x00000068   Code   RO          385    i.MX_TIM1_Init      tim.o
    0x08003a1c   0x00000038   Code   RO          456    i.MX_USART1_UART_Init  usart.o
    0x08003a54   0x00000002   Code   RO          513    i.MemManage_Handler  stm32f1xx_it.o
    0x08003a56   0x00000002   Code   RO          514    i.NMI_Handler       stm32f1xx_it.o
    0x08003a58   0x00000034   Code   RO           13    i.OLED_Clear        oled.o
    0x08003a8c   0x00000010   Code   RO           17    i.OLED_Init         oled.o
    0x08003a9c   0x00000022   Code   RO           19    i.OLED_Set_Pos      oled.o
    0x08003abe   0x00000002   PAD
    0x08003ac0   0x00000088   Code   RO           21    i.OLED_ShowChar     oled.o
    0x08003b48   0x00000036   Code   RO           23    i.OLED_ShowString   oled.o
    0x08003b7e   0x00000002   PAD
    0x08003b80   0x00000024   Code   RO           24    i.OLED_WR_CMD       oled.o
    0x08003ba4   0x00000024   Code   RO           25    i.OLED_WR_DATA      oled.o
    0x08003bc8   0x00000002   Code   RO          515    i.PendSV_Handler    stm32f1xx_it.o
    0x08003bca   0x00000002   Code   RO          516    i.SVC_Handler       stm32f1xx_it.o
    0x08003bcc   0x00000004   Code   RO          517    i.SysTick_Handler   stm32f1xx_it.o
    0x08003bd0   0x0000005e   Code   RO          225    i.SystemClock_Config  main.o
    0x08003c2e   0x00000002   Code   RO         3408    i.SystemInit        system_stm32f1xx.o
    0x08003c30   0x00000078   Code   RO         2166    i.TIM_Base_SetConfig  stm32f1xx_hal_tim.o
    0x08003ca8   0x00000014   Code   RO         2177    i.TIM_ETR_SetConfig  stm32f1xx_hal_tim.o
    0x08003cbc   0x00000010   Code   RO         2178    i.TIM_ITRx_SetConfig  stm32f1xx_hal_tim.o
    0x08003ccc   0x00000022   Code   RO         2184    i.TIM_TI1_ConfigInputStage  stm32f1xx_hal_tim.o
    0x08003cee   0x00000024   Code   RO         2186    i.TIM_TI2_ConfigInputStage  stm32f1xx_hal_tim.o
    0x08003d12   0x00000010   Code   RO         3087    i.UART_DMAAbortOnError  stm32f1xx_hal_uart.o
    0x08003d22   0x0000004e   Code   RO         3097    i.UART_EndRxTransfer  stm32f1xx_hal_uart.o
    0x08003d70   0x000000c2   Code   RO         3099    i.UART_Receive_IT   stm32f1xx_hal_uart.o
    0x08003e32   0x00000002   PAD
    0x08003e34   0x000000b8   Code   RO         3100    i.UART_SetConfig    stm32f1xx_hal_uart.o
    0x08003eec   0x00000072   Code   RO         3103    i.UART_WaitOnFlagUntilTimeout  stm32f1xx_hal_uart.o
    0x08003f5e   0x00000002   PAD
    0x08003f60   0x0000000c   Code   RO          518    i.USART1_IRQHandler  stm32f1xx_it.o
    0x08003f6c   0x00000030   Code   RO          457    i.Uart_Send_String  usart.o
    0x08003f9c   0x00000002   Code   RO          519    i.UsageFault_Handler  stm32f1xx_it.o
    0x08003f9e   0x00000002   PAD
    0x08003fa0   0x00000034   Code   RO           26    i.WriteCmd          oled.o
    0x08003fd4   0x00000028   Code   RO         3663    i.__ARM_fpclassify  m_ws.l(fpclassify.o)
    0x08003ffc   0x00000020   Code   RO         1584    i.__NVIC_SetPriority  stm32f1xx_hal_cortex.o
    0x0800401c   0x0000000e   Code   RO         3468    i._is_digit         c_w.l(__printf_wp.o)
    0x0800402a   0x00000002   PAD
    0x0800402c   0x000000dc   Code   RO          226    i.calculate_result  main.o
    0x08004108   0x00000010   Code   RO          386    i.clear_tim1_cnt    tim.o
    0x08004118   0x00000014   Code   RO          387    i.count_time_start  tim.o
    0x0800412c   0x00000014   Code   RO          388    i.count_time_stop   tim.o
    0x08004140   0x0000001c   Code   RO          227    i.display_expression  main.o
    0x0800415c   0x0000000c   Code   RO          389    i.get_tim1_cnt      tim.o
    0x08004168   0x00000064   Code   RO          229    i.main              main.o
    0x080041cc   0x000000d4   Code   RO          230    i.process_input     main.o
    0x080042a0   0x0000002c   Code   RO         3650    locale$$code        c_w.l(lc_numeric_c.o)
    0x080042cc   0x0000002c   Code   RO         3671    locale$$code        c_w.l(lc_ctype_c.o)
    0x080042f8   0x00000004   Code   RO         3573    x$fpl$printf1       fz_ws.l(printf1.o)
    0x080042fc   0x00000004   Code   RO         3575    x$fpl$printf2       fz_ws.l(printf2.o)
    0x08004300   0x00000000   Code   RO         3662    x$fpl$usenofp       fz_ws.l(usenofp.o)
    0x08004300   0x00000818   Data   RO           28    .constdata          oled.o
    0x08004b18   0x00000012   Data   RO         1282    .constdata          stm32f1xx_hal_rcc.o
    0x08004b2a   0x00000010   Data   RO         3409    .constdata          system_stm32f1xx.o
    0x08004b3a   0x00000008   Data   RO         3410    .constdata          system_stm32f1xx.o
    0x08004b42   0x00000011   Data   RO         3476    .constdata          c_w.l(__printf_flags_ss_wp.o)
    0x08004b53   0x00000001   PAD
    0x08004b54   0x00000008   Data   RO         3515    .constdata          c_w.l(_printf_wctomb.o)
    0x08004b5c   0x00000028   Data   RO         3544    .constdata          c_w.l(_printf_hex_int_ll_ptr.o)
    0x08004b84   0x00000026   Data   RO         3603    .constdata          c_w.l(_printf_fp_hex.o)
    0x08004baa   0x00000002   PAD
    0x08004bac   0x00000094   Data   RO         3625    .constdata          c_w.l(bigflt0.o)
    0x08004c40   0x00000020   Data   RO         3799    Region$$Table       anon$$obj.o
    0x08004c60   0x0000001c   Data   RO         3649    locale$$data        c_w.l(lc_numeric_c.o)
    0x08004c7c   0x00000110   Data   RO         3670    locale$$data        c_w.l(lc_ctype_c.o)


    Execution Region RW_IRAM1 (Base: 0x20000000, Size: 0x00000820, Max: 0x00005000, ABSOLUTE)

    Base Addr    Size         Type   Attr      Idx    E Section Name        Object

    0x20000000   0x0000001f   Data   RW           29    .data               oled.o
    0x2000001f   0x00000001   PAD
    0x20000020   0x00000014   Data   RW          232    .data               main.o
    0x20000034   0x0000000c   Data   RW         1119    .data               stm32f1xx_hal.o
    0x20000040   0x00000004   Data   RW         3411    .data               system_stm32f1xx.o
    0x20000044   0x00000014   Zero   RW          231    .bss                main.o
    0x20000058   0x00000054   Zero   RW          344    .bss                i2c.o
    0x200000ac   0x00000048   Zero   RW          391    .bss                tim.o
    0x200000f4   0x000000c8   Zero   RW          458    .bss                usart.o
    0x200001bc   0x00000060   Zero   RW         3666    .bss                c_w.l(libspace.o)
    0x2000021c   0x00000004   PAD
    0x20000220   0x00000200   Zero   RW            2    HEAP                startup_stm32f103xb.o
    0x20000420   0x00000400   Zero   RW            1    STACK               startup_stm32f103xb.o


==============================================================================

Image component sizes


      Code (inc. data)   RO Data    RW Data    ZI Data      Debug   Object Name

       152         18          0          0          0        899   gpio.o
       156         26          0          0         84       1565   i2c.o
       882         90          0         20         20       5023   main.o
       416         28       2072         31          0     438469   oled.o
        64         26        236          0       1536        796   startup_stm32f103xb.o
       164         28          0         12          0       5773   stm32f1xx_hal.o
       198         14          0          0          0      28847   stm32f1xx_hal_cortex.o
       222          4          0          0          0       1723   stm32f1xx_hal_dma.o
       514         40          0          0          0       3423   stm32f1xx_hal_gpio.o
      1414         32          0          0          0       9235   stm32f1xx_hal_i2c.o
        60          8          0          0          0        842   stm32f1xx_hal_msp.o
      1240         84         18          0          0       5016   stm32f1xx_hal_rcc.o
       654         26          0          0          0       7148   stm32f1xx_hal_tim.o
       104         12          0          0          0       1324   stm32f1xx_hal_tim_ex.o
      1474         10          0          0          0       9884   stm32f1xx_hal_uart.o
        40          6          0          0          0       4563   stm32f1xx_it.o
         2          0         24          4          0       1071   system_stm32f1xx.o
       212         36          0          0         72       3356   tim.o
       232         24          0          0        200       2798   usart.o

    ----------------------------------------------------------------------
      8222        512       2382         68       1912     531755   Object Totals
         0          0         32          0          0          0   (incl. Generated)
        22          0          0          1          0          0   (incl. Padding)

    ----------------------------------------------------------------------

      Code (inc. data)   RO Data    RW Data    ZI Data      Debug   Library Member Name

        60          8          0          0          0         84   __0sscanf.o
        44          6          0          0          0         84   __2sprintf.o
         8          0          0          0          0         68   __main.o
       392          4         17          0          0         92   __printf_flags_ss_wp.o
        14          0          0          0          0         68   __printf_wp.o
         0          0          0          0          0          0   __rtentry.o
        12          0          0          0          0          0   __rtentry2.o
         6          0          0          0          0          0   __rtentry4.o
        52          8          0          0          0          0   __scatter.o
        26          0          0          0          0          0   __scatter_copy.o
        28          0          0          0          0          0   __scatter_zi.o
        28          0          0          0          0         68   _chval.o
         6          0          0          0          0          0   _printf_a.o
         6          0          0          0          0          0   _printf_c.o
        44          0          0          0          0        108   _printf_char.o
        48          6          0          0          0         96   _printf_char_common.o
        40          0          0          0          0         68   _printf_charcount.o
         6          0          0          0          0          0   _printf_d.o
       120         16          0          0          0         92   _printf_dec.o
         6          0          0          0          0          0   _printf_e.o
         6          0          0          0          0          0   _printf_f.o
      1054          0          0          0          0        216   _printf_fp_dec.o
       764          8         38          0          0        100   _printf_fp_hex.o
       128         16          0          0          0         84   _printf_fp_infnan.o
         6          0          0          0          0          0   _printf_g.o
       148          4         40          0          0        160   _printf_hex_int_ll_ptr.o
         6          0          0          0          0          0   _printf_i.o
       178          0          0          0          0         88   _printf_intcommon.o
        10          0          0          0          0          0   _printf_l.o
         6          0          0          0          0          0   _printf_lc.o
        10          0          0          0          0          0   _printf_ll.o
         6          0          0          0          0          0   _printf_lld.o
         6          0          0          0          0          0   _printf_lli.o
         6          0          0          0          0          0   _printf_llo.o
         6          0          0          0          0          0   _printf_llu.o
         6          0          0          0          0          0   _printf_llx.o
       124         16          0          0          0         92   _printf_longlong_dec.o
         6          0          0          0          0          0   _printf_ls.o
         6          0          0          0          0          0   _printf_n.o
         6          0          0          0          0          0   _printf_o.o
       112         10          0          0          0        124   _printf_oct_int_ll.o
         6          0          0          0          0          0   _printf_p.o
        78          0          0          0          0        108   _printf_pad.o
         0          0          0          0          0          0   _printf_percent.o
         4          0          0          0          0          0   _printf_percent_end.o
         6          0          0          0          0          0   _printf_s.o
        82          0          0          0          0         80   _printf_str.o
        36          0          0          0          0         84   _printf_truncate.o
         6          0          0          0          0          0   _printf_u.o
        44          0          0          0          0        108   _printf_wchar.o
       188          6          8          0          0         92   _printf_wctomb.o
         6          0          0          0          0          0   _printf_x.o
       884          4          0          0          0        100   _scanf.o
       332          0          0          0          0         96   _scanf_int.o
       224          0          0          0          0         96   _scanf_str.o
        64          0          0          0          0         84   _sgetc.o
        16          0          0          0          0         68   _snputc.o
        10          0          0          0          0         68   _sputc.o
        64          0          0          0          0         92   _wcrtomb.o
       228          4        148          0          0         96   bigflt0.o
      1936        128          0          0          0        672   btod.o
        18          0          0          0          0         80   exit.o
         6          0          0          0          0        152   heapauxi.o
         0          0          0          0          0          0   indicate_semi.o
        18          0          0          0          0         76   isspace.o
        44         10        272          0          0         76   lc_ctype_c.o
        44         10         28          0          0         76   lc_numeric_c.o
         2          0          0          0          0          0   libinit.o
        30          0          0          0          0          0   libinit2.o
         2          0          0          0          0          0   libshutdown.o
         2          0          0          0          0          0   libshutdown2.o
         8          4          0          0         96         68   libspace.o
       138          0          0          0          0         80   lludiv10.o
        16          4          0          0          0         76   rt_ctype_table.o
         8          4          0          0          0         68   rt_locale_intlibspace.o
        68          0          0          0          0         68   rt_memclr.o
        78          0          0          0          0         80   rt_memclr_w.o
         2          0          0          0          0          0   rtexit.o
        10          0          0          0          0          0   rtexit2.o
        44          8          0          0          0         84   scanf_char.o
       128          0          0          0          0         68   strcmpv7m.o
        62          0          0          0          0         76   strlen.o
        12          4          0          0          0         68   sys_exit.o
        74          0          0          0          0         80   sys_stackheap_outer.o
         2          0          0          0          0         68   use_no_semi.o
        52          4          0          0          0         80   vsnprintf.o
         4          0          0          0          0         68   printf1.o
         4          0          0          0          0         68   printf2.o
         0          0          0          0          0          0   usenofp.o
        40          0          0          0          0         68   fpclassify.o

    ----------------------------------------------------------------------
      8694        292        554          0        100       5164   Library Totals
        18          0          3          0          4          0   (incl. Padding)

    ----------------------------------------------------------------------

      Code (inc. data)   RO Data    RW Data    ZI Data      Debug   Library Name

      8628        292        551          0         96       4960   c_w.l
         8          0          0          0          0        136   fz_ws.l
        40          0          0          0          0         68   m_ws.l

    ----------------------------------------------------------------------
      8694        292        554          0        100       5164   Library Totals

    ----------------------------------------------------------------------

==============================================================================


      Code (inc. data)   RO Data    RW Data    ZI Data      Debug   

     16916        804       2936         68       2012     529635   Grand Totals
     16916        804       2936         68       2012     529635   ELF Image Totals
     16916        804       2936         68          0          0   ROM Totals

==============================================================================

    Total RO  Size (Code + RO Data)                19852 (  19.39kB)
    Total RW  Size (RW Data + ZI Data)              2080 (   2.03kB)
    Total ROM Size (Code + RO Data + RW Data)      19920 (  19.45kB)

==============================================================================

